../Core/Src/Pergamon_float.c:22:6:pi_aw_calc	16	static
../Core/Src/Pergamon_float.c:60:6:pi_init	16	static
../Core/Src/Pergamon_float.c:67:6:pi_calc	16	static
../Core/Src/Pergamon_float.c:118:6:clarke3F_calc	16	static
../Core/Src/Pergamon_float.c:136:6:rot_calc	16	static
../Core/Src/Pergamon_float.c:144:6:irot_calc	16	static
../Core/Src/Pergamon_float.c:153:6:angle_calc	16	static
../Core/Src/Pergamon_float.c:162:6:svpwm_calc	40	static
../Core/Src/Pergamon_float.c:204:6:rampa_calc	16	static
../Core/Src/Pergamon_float.c:230:6:rampa_dual_calc	16	static
../Core/Src/Pergamon_float.c:329:6:RMS_calc	16	static
../Core/Src/Pergamon_float.c:295:6:filtreLP_calc	16	static
../Core/Src/Pergamon_float.c:359:6:step_calc	16	static
../Core/Src/Pergamon_float.c:95:6:pi_extsat_calc	16	static
../Core/Src/Pergamon_float.c:127:6:iclarke3F_calc	16	static
../Core/Src/Pergamon_float.c:259:6:datalog_calc	16	static
../Core/Src/Pergamon_float.c:286:6:filtreLP_init	24	static
../Core/Src/Pergamon_float.c:311:6:avg_calc_10_samples	16	static
