../Core/Src/Pergamon_float.c:33:6:pi_aw_calc	16	static
../Core/Src/Pergamon_float.c:76:6:pi_init	16	static
../Core/Src/Pergamon_float.c:89:6:pi_calc	16	static
../Core/Src/Pergamon_float.c:150:6:clarke3F_calc	16	static
../Core/Src/Pergamon_float.c:180:6:rot_calc	16	static
../Core/Src/Pergamon_float.c:195:6:irot_calc	16	static
../Core/Src/Pergamon_float.c:210:6:angle_calc	16	static
../Core/Src/Pergamon_float.c:226:6:svpwm_calc	40	static
../Core/Src/Pergamon_float.c:272:6:rampa_calc	16	static
../Core/Src/Pergamon_float.c:305:6:rampa_dual_calc	16	static
../Core/Src/Pergamon_float.c:435:6:RMS_calc	16	static
../Core/Src/Pergamon_float.c:389:6:filtreLP_calc	16	static
../Core/Src/Pergamon_float.c:471:6:step_calc	16	static
../Core/Src/Pergamon_float.c:122:6:pi_extsat_calc	16	static
../Core/Src/Pergamon_float.c:165:6:iclarke3F_calc	16	static
../Core/Src/Pergamon_float.c:340:6:datalog_calc	16	static
../Core/Src/Pergamon_float.c:373:6:filtreLP_init	24	static
../Core/Src/Pergamon_float.c:410:6:avg_calc_10_samples	16	static
