../Core/Src/stm32f7xx_it.c:79:6:NMI_Handler	4	static
../Core/Src/stm32f7xx_it.c:94:6:HardFault_Handler	4	static
../Core/Src/stm32f7xx_it.c:109:6:MemManage_Handler	4	static
../Core/Src/stm32f7xx_it.c:124:6:BusFault_Handler	4	static
../Core/Src/stm32f7xx_it.c:139:6:UsageFault_Handler	4	static
../Core/Src/stm32f7xx_it.c:154:6:SVC_Handler	4	static
../Core/Src/stm32f7xx_it.c:167:6:DebugMon_Handler	4	static
../Core/Src/stm32f7xx_it.c:180:6:PendSV_Handler	4	static
../Core/Src/stm32f7xx_it.c:193:6:SysTick_Handler	8	static
../Core/Src/stm32f7xx_it.c:214:6:CAN1_RX0_IRQHandler	8	static
../Core/Src/stm32f7xx_it.c:228:6:CAN1_RX1_IRQHandler	8	static
../Core/Src/stm32f7xx_it.c:242:6:TIM1_BRK_TIM9_IRQHandler	8	static
../Core/Src/stm32f7xx_it.c:256:6:TIM1_UP_TIM10_IRQHandler	8	static
../Core/Src/stm32f7xx_it.c:274:6:TIM1_TRG_COM_TIM11_IRQHandler	8	static
../Core/Src/stm32f7xx_it.c:288:6:TIM1_CC_IRQHandler	8	static
../Core/Src/stm32f7xx_it.c:302:6:TIM6_DAC_IRQHandler	8	static
../Core/Src/stm32f7xx_it.c:317:6:DMA2_Stream0_IRQHandler	8	static
../Core/Src/stm32f7xx_it.c:331:6:DMA2_Stream1_IRQHandler	8	static
../Core/Src/stm32f7xx_it.c:345:6:DMA2_Stream2_IRQHandler	8	static
