../Core/Src/stm32f7xx_it.c:78:6:NMI_Handler	4	static
../Core/Src/stm32f7xx_it.c:93:6:HardFault_Handler	4	static
../Core/Src/stm32f7xx_it.c:108:6:MemManage_Handler	4	static
../Core/Src/stm32f7xx_it.c:123:6:BusFault_Handler	4	static
../Core/Src/stm32f7xx_it.c:138:6:UsageFault_Handler	4	static
../Core/Src/stm32f7xx_it.c:153:6:DebugMon_Handler	4	static
../Core/Src/stm32f7xx_it.c:173:6:ADC_IRQHandler	8	static
../Core/Src/stm32f7xx_it.c:189:6:CAN1_RX0_IRQHandler	8	static
../Core/Src/stm32f7xx_it.c:203:6:CAN1_RX1_IRQHandler	8	static
../Core/Src/stm32f7xx_it.c:217:6:TIM6_DAC_IRQHandler	8	static
../Core/Src/stm32f7xx_it.c:231:6:TIM7_IRQHandler	8	static
../Core/Src/stm32f7xx_it.c:245:6:DMA2_Stream0_IRQHandler	8	static
../Core/Src/stm32f7xx_it.c:259:6:DMA2_Stream1_IRQHandler	8	static
../Core/Src/stm32f7xx_it.c:273:6:DMA2_Stream2_IRQHandler	8	static
