../Drivers/STM32H7xx_HAL_Driver/Src/stm32h7xx_hal_i2c.c:528:19:HAL_I2C_Init	16	static
../Drivers/STM32H7xx_HAL_Driver/Src/stm32h7xx_hal_i2c.c:638:19:HAL_I2C_DeInit	16	static
../Drivers/STM32H7xx_HAL_Driver/Src/stm32h7xx_hal_i2c.c:684:13:HAL_I2C_MspInit	16	static
../Drivers/STM32H7xx_HAL_Driver/Src/stm32h7xx_hal_i2c.c:700:13:HAL_I2C_MspDeInit	16	static
../Drivers/STM32H7xx_HAL_Driver/Src/stm32h7xx_hal_i2c.c:1107:19:HAL_I2C_Master_Transmit	40	static
../Drivers/STM32H7xx_HAL_Driver/Src/stm32h7xx_hal_i2c.c:1226:19:HAL_I2C_Master_Receive	40	static
../Drivers/STM32H7xx_HAL_Driver/Src/stm32h7xx_hal_i2c.c:1344:19:HAL_I2C_Slave_Transmit	40	static
../Drivers/STM32H7xx_HAL_Driver/Src/stm32h7xx_hal_i2c.c:1500:19:HAL_I2C_Slave_Receive	40	static
../Drivers/STM32H7xx_HAL_Driver/Src/stm32h7xx_hal_i2c.c:1630:19:HAL_I2C_Master_Transmit_IT	40	static
../Drivers/STM32H7xx_HAL_Driver/Src/stm32h7xx_hal_i2c.c:1701:19:HAL_I2C_Master_Receive_IT	40	static
../Drivers/STM32H7xx_HAL_Driver/Src/stm32h7xx_hal_i2c.c:1770:19:HAL_I2C_Slave_Transmit_IT	24	static
../Drivers/STM32H7xx_HAL_Driver/Src/stm32h7xx_hal_i2c.c:1834:19:HAL_I2C_Slave_Receive_IT	24	static
../Drivers/STM32H7xx_HAL_Driver/Src/stm32h7xx_hal_i2c.c:1886:19:HAL_I2C_Master_Transmit_DMA	40	static
../Drivers/STM32H7xx_HAL_Driver/Src/stm32h7xx_hal_i2c.c:2033:19:HAL_I2C_Master_Receive_DMA	40	static
../Drivers/STM32H7xx_HAL_Driver/Src/stm32h7xx_hal_i2c.c:2178:19:HAL_I2C_Slave_Transmit_DMA	32	static
../Drivers/STM32H7xx_HAL_Driver/Src/stm32h7xx_hal_i2c.c:2314:19:HAL_I2C_Slave_Receive_DMA	32	static
../Drivers/STM32H7xx_HAL_Driver/Src/stm32h7xx_hal_i2c.c:2422:19:HAL_I2C_Mem_Write	40	static
../Drivers/STM32H7xx_HAL_Driver/Src/stm32h7xx_hal_i2c.c:2559:19:HAL_I2C_Mem_Read	40	static
../Drivers/STM32H7xx_HAL_Driver/Src/stm32h7xx_hal_i2c.c:2696:19:HAL_I2C_Mem_Write_IT	32	static
../Drivers/STM32H7xx_HAL_Driver/Src/stm32h7xx_hal_i2c.c:2783:19:HAL_I2C_Mem_Read_IT	32	static
../Drivers/STM32H7xx_HAL_Driver/Src/stm32h7xx_hal_i2c.c:2869:19:HAL_I2C_Mem_Write_DMA	40	static
../Drivers/STM32H7xx_HAL_Driver/Src/stm32h7xx_hal_i2c.c:3015:19:HAL_I2C_Mem_Read_DMA	40	static
../Drivers/STM32H7xx_HAL_Driver/Src/stm32h7xx_hal_i2c.c:3160:19:HAL_I2C_IsDeviceReady	48	static
../Drivers/STM32H7xx_HAL_Driver/Src/stm32h7xx_hal_i2c.c:3302:19:HAL_I2C_Master_Seq_Transmit_IT	40	static
../Drivers/STM32H7xx_HAL_Driver/Src/stm32h7xx_hal_i2c.c:3393:19:HAL_I2C_Master_Seq_Transmit_DMA	48	static
../Drivers/STM32H7xx_HAL_Driver/Src/stm32h7xx_hal_i2c.c:3561:19:HAL_I2C_Master_Seq_Receive_IT	40	static
../Drivers/STM32H7xx_HAL_Driver/Src/stm32h7xx_hal_i2c.c:3648:19:HAL_I2C_Master_Seq_Receive_DMA	48	static
../Drivers/STM32H7xx_HAL_Driver/Src/stm32h7xx_hal_i2c.c:3814:19:HAL_I2C_Slave_Seq_Transmit_IT	32	static
../Drivers/STM32H7xx_HAL_Driver/Src/stm32h7xx_hal_i2c.c:3914:19:HAL_I2C_Slave_Seq_Transmit_DMA	32	static
../Drivers/STM32H7xx_HAL_Driver/Src/stm32h7xx_hal_i2c.c:4098:19:HAL_I2C_Slave_Seq_Receive_IT	32	static
../Drivers/STM32H7xx_HAL_Driver/Src/stm32h7xx_hal_i2c.c:4198:19:HAL_I2C_Slave_Seq_Receive_DMA	32	static
../Drivers/STM32H7xx_HAL_Driver/Src/stm32h7xx_hal_i2c.c:4378:19:HAL_I2C_EnableListen_IT	16	static
../Drivers/STM32H7xx_HAL_Driver/Src/stm32h7xx_hal_i2c.c:4402:19:HAL_I2C_DisableListen_IT	24	static
../Drivers/STM32H7xx_HAL_Driver/Src/stm32h7xx_hal_i2c.c:4435:19:HAL_I2C_Master_Abort_IT	24	static
../Drivers/STM32H7xx_HAL_Driver/Src/stm32h7xx_hal_i2c.c:4497:6:HAL_I2C_EV_IRQHandler	24	static
../Drivers/STM32H7xx_HAL_Driver/Src/stm32h7xx_hal_i2c.c:4516:6:HAL_I2C_ER_IRQHandler	32	static
../Drivers/STM32H7xx_HAL_Driver/Src/stm32h7xx_hal_i2c.c:4568:13:HAL_I2C_MasterTxCpltCallback	16	static
../Drivers/STM32H7xx_HAL_Driver/Src/stm32h7xx_hal_i2c.c:4584:13:HAL_I2C_MasterRxCpltCallback	16	static
../Drivers/STM32H7xx_HAL_Driver/Src/stm32h7xx_hal_i2c.c:4599:13:HAL_I2C_SlaveTxCpltCallback	16	static
../Drivers/STM32H7xx_HAL_Driver/Src/stm32h7xx_hal_i2c.c:4615:13:HAL_I2C_SlaveRxCpltCallback	16	static
../Drivers/STM32H7xx_HAL_Driver/Src/stm32h7xx_hal_i2c.c:4633:13:HAL_I2C_AddrCallback	16	static
../Drivers/STM32H7xx_HAL_Driver/Src/stm32h7xx_hal_i2c.c:4651:13:HAL_I2C_ListenCpltCallback	16	static
../Drivers/STM32H7xx_HAL_Driver/Src/stm32h7xx_hal_i2c.c:4667:13:HAL_I2C_MemTxCpltCallback	16	static
../Drivers/STM32H7xx_HAL_Driver/Src/stm32h7xx_hal_i2c.c:4683:13:HAL_I2C_MemRxCpltCallback	16	static
../Drivers/STM32H7xx_HAL_Driver/Src/stm32h7xx_hal_i2c.c:4699:13:HAL_I2C_ErrorCallback	16	static
../Drivers/STM32H7xx_HAL_Driver/Src/stm32h7xx_hal_i2c.c:4715:13:HAL_I2C_AbortCpltCallback	16	static
../Drivers/STM32H7xx_HAL_Driver/Src/stm32h7xx_hal_i2c.c:4750:22:HAL_I2C_GetState	16	static
../Drivers/STM32H7xx_HAL_Driver/Src/stm32h7xx_hal_i2c.c:4762:21:HAL_I2C_GetMode	16	static
../Drivers/STM32H7xx_HAL_Driver/Src/stm32h7xx_hal_i2c.c:4773:10:HAL_I2C_GetError	16	static
../Drivers/STM32H7xx_HAL_Driver/Src/stm32h7xx_hal_i2c.c:4798:26:I2C_Master_ISR_IT	40	static
../Drivers/STM32H7xx_HAL_Driver/Src/stm32h7xx_hal_i2c.c:4944:26:I2C_Mem_ISR_IT	40	static
../Drivers/STM32H7xx_HAL_Driver/Src/stm32h7xx_hal_i2c.c:5081:26:I2C_Slave_ISR_IT	32	static
../Drivers/STM32H7xx_HAL_Driver/Src/stm32h7xx_hal_i2c.c:5222:26:I2C_Master_ISR_DMA	40	static
../Drivers/STM32H7xx_HAL_Driver/Src/stm32h7xx_hal_i2c.c:5362:26:I2C_Mem_ISR_DMA	40	static
../Drivers/STM32H7xx_HAL_Driver/Src/stm32h7xx_hal_i2c.c:5501:26:I2C_Slave_ISR_DMA	40	static
../Drivers/STM32H7xx_HAL_Driver/Src/stm32h7xx_hal_i2c.c:5646:26:I2C_RequestMemoryWrite	32	static
../Drivers/STM32H7xx_HAL_Driver/Src/stm32h7xx_hal_i2c.c:5701:26:I2C_RequestMemoryRead	32	static
../Drivers/STM32H7xx_HAL_Driver/Src/stm32h7xx_hal_i2c.c:5750:13:I2C_ITAddrCplt	24	static
../Drivers/STM32H7xx_HAL_Driver/Src/stm32h7xx_hal_i2c.c:5845:13:I2C_ITMasterSeqCplt	16	static
../Drivers/STM32H7xx_HAL_Driver/Src/stm32h7xx_hal_i2c.c:5898:13:I2C_ITSlaveSeqCplt	24	static
../Drivers/STM32H7xx_HAL_Driver/Src/stm32h7xx_hal_i2c.c:5972:13:I2C_ITMasterCplt	32	static
../Drivers/STM32H7xx_HAL_Driver/Src/stm32h7xx_hal_i2c.c:6115:13:I2C_ITSlaveCplt	32	static
../Drivers/STM32H7xx_HAL_Driver/Src/stm32h7xx_hal_i2c.c:6274:13:I2C_ITListenCplt	16	static
../Drivers/STM32H7xx_HAL_Driver/Src/stm32h7xx_hal_i2c.c:6325:13:I2C_ITError	24	static
../Drivers/STM32H7xx_HAL_Driver/Src/stm32h7xx_hal_i2c.c:6454:13:I2C_TreatErrorCallback	16	static
../Drivers/STM32H7xx_HAL_Driver/Src/stm32h7xx_hal_i2c.c:6492:13:I2C_Flush_TXDR	16	static
../Drivers/STM32H7xx_HAL_Driver/Src/stm32h7xx_hal_i2c.c:6513:13:I2C_DMAMasterTransmitCplt	24	static
../Drivers/STM32H7xx_HAL_Driver/Src/stm32h7xx_hal_i2c.c:6563:13:I2C_DMASlaveTransmitCplt	24	static
../Drivers/STM32H7xx_HAL_Driver/Src/stm32h7xx_hal_i2c.c:6591:13:I2C_DMAMasterReceiveCplt	24	static
../Drivers/STM32H7xx_HAL_Driver/Src/stm32h7xx_hal_i2c.c:6641:13:I2C_DMASlaveReceiveCplt	24	static
../Drivers/STM32H7xx_HAL_Driver/Src/stm32h7xx_hal_i2c.c:6669:13:I2C_DMAError	24	static
../Drivers/STM32H7xx_HAL_Driver/Src/stm32h7xx_hal_i2c.c:6708:13:I2C_DMAAbort	24	static
../Drivers/STM32H7xx_HAL_Driver/Src/stm32h7xx_hal_i2c.c:6737:26:I2C_WaitOnFlagUntilTimeout	24	static
../Drivers/STM32H7xx_HAL_Driver/Src/stm32h7xx_hal_i2c.c:6771:26:I2C_WaitOnTXISFlagUntilTimeout	24	static
../Drivers/STM32H7xx_HAL_Driver/Src/stm32h7xx_hal_i2c.c:6812:26:I2C_WaitOnSTOPFlagUntilTimeout	24	static
../Drivers/STM32H7xx_HAL_Driver/Src/stm32h7xx_hal_i2c.c:6850:26:I2C_WaitOnRXNEFlagUntilTimeout	24	static
../Drivers/STM32H7xx_HAL_Driver/Src/stm32h7xx_hal_i2c.c:6926:26:I2C_IsErrorOccurred	48	static
../Drivers/STM32H7xx_HAL_Driver/Src/stm32h7xx_hal_i2c.c:7067:13:I2C_TransferConfig	32	static
../Drivers/STM32H7xx_HAL_Driver/Src/stm32h7xx_hal_i2c.c:7094:13:I2C_Enable_IRQ	24	static
../Drivers/STM32H7xx_HAL_Driver/Src/stm32h7xx_hal_i2c.c:7171:13:I2C_Disable_IRQ	24	static
../Drivers/STM32H7xx_HAL_Driver/Src/stm32h7xx_hal_i2c.c:7234:13:I2C_ConvertOtherXferOptions	16	static
