../Drivers/STM32H7xx_HAL_Driver/Src/stm32h7xx_hal_uart.c:307:19:HAL_UART_Init	16	static
../Drivers/STM32H7xx_HAL_Driver/Src/stm32h7xx_hal_uart.c:380:19:HAL_HalfDuplex_Init	16	static
../Drivers/STM32H7xx_HAL_Driver/Src/stm32h7xx_hal_uart.c:453:19:HAL_LIN_Init	16	static
../Drivers/STM32H7xx_HAL_Driver/Src/stm32h7xx_hal_uart.c:550:19:HAL_MultiProcessor_Init	24	static
../Drivers/STM32H7xx_HAL_Driver/Src/stm32h7xx_hal_uart.c:624:19:HAL_UART_DeInit	16	static
../Drivers/STM32H7xx_HAL_Driver/Src/stm32h7xx_hal_uart.c:671:13:HAL_UART_MspInit	16	static
../Drivers/STM32H7xx_HAL_Driver/Src/stm32h7xx_hal_uart.c:686:13:HAL_UART_MspDeInit	16	static
../Drivers/STM32H7xx_HAL_Driver/Src/stm32h7xx_hal_uart.c:1120:19:HAL_UART_Transmit	48	static
../Drivers/STM32H7xx_HAL_Driver/Src/stm32h7xx_hal_uart.c:1210:19:HAL_UART_Receive	48	static
../Drivers/STM32H7xx_HAL_Driver/Src/stm32h7xx_hal_uart.c:1294:19:HAL_UART_Transmit_IT	72	static,ignoring_inline_asm
../Drivers/STM32H7xx_HAL_Driver/Src/stm32h7xx_hal_uart.c:1362:19:HAL_UART_Receive_IT	48	static,ignoring_inline_asm
../Drivers/STM32H7xx_HAL_Driver/Src/stm32h7xx_hal_uart.c:1403:19:HAL_UART_Transmit_DMA	48	static,ignoring_inline_asm
../Drivers/STM32H7xx_HAL_Driver/Src/stm32h7xx_hal_uart.c:1473:19:HAL_UART_Receive_DMA	48	static,ignoring_inline_asm
../Drivers/STM32H7xx_HAL_Driver/Src/stm32h7xx_hal_uart.c:1509:19:HAL_UART_DMAPause	120	static,ignoring_inline_asm
../Drivers/STM32H7xx_HAL_Driver/Src/stm32h7xx_hal_uart.c:1539:19:HAL_UART_DMAResume	112	static,ignoring_inline_asm
../Drivers/STM32H7xx_HAL_Driver/Src/stm32h7xx_hal_uart.c:1570:19:HAL_UART_DMAStop	72	static,ignoring_inline_asm
../Drivers/STM32H7xx_HAL_Driver/Src/stm32h7xx_hal_uart.c:1645:19:HAL_UART_Abort	136	static,ignoring_inline_asm
../Drivers/STM32H7xx_HAL_Driver/Src/stm32h7xx_hal_uart.c:1748:19:HAL_UART_AbortTransmit	88	static,ignoring_inline_asm
../Drivers/STM32H7xx_HAL_Driver/Src/stm32h7xx_hal_uart.c:1807:19:HAL_UART_AbortReceive	112	static,ignoring_inline_asm
../Drivers/STM32H7xx_HAL_Driver/Src/stm32h7xx_hal_uart.c:1875:19:HAL_UART_Abort_IT	144	static,ignoring_inline_asm
../Drivers/STM32H7xx_HAL_Driver/Src/stm32h7xx_hal_uart.c:2028:19:HAL_UART_AbortTransmit_IT	88	static,ignoring_inline_asm
../Drivers/STM32H7xx_HAL_Driver/Src/stm32h7xx_hal_uart.c:2119:19:HAL_UART_AbortReceive_IT	112	static,ignoring_inline_asm
../Drivers/STM32H7xx_HAL_Driver/Src/stm32h7xx_hal_uart.c:2212:6:HAL_UART_IRQHandler	240	static,ignoring_inline_asm
../Drivers/STM32H7xx_HAL_Driver/Src/stm32h7xx_hal_uart.c:2542:13:HAL_UART_TxCpltCallback	16	static
../Drivers/STM32H7xx_HAL_Driver/Src/stm32h7xx_hal_uart.c:2557:13:HAL_UART_TxHalfCpltCallback	16	static
../Drivers/STM32H7xx_HAL_Driver/Src/stm32h7xx_hal_uart.c:2572:13:HAL_UART_RxCpltCallback	16	static
../Drivers/STM32H7xx_HAL_Driver/Src/stm32h7xx_hal_uart.c:2587:13:HAL_UART_RxHalfCpltCallback	16	static
../Drivers/STM32H7xx_HAL_Driver/Src/stm32h7xx_hal_uart.c:2602:13:HAL_UART_ErrorCallback	16	static
../Drivers/STM32H7xx_HAL_Driver/Src/stm32h7xx_hal_uart.c:2617:13:HAL_UART_AbortCpltCallback	16	static
../Drivers/STM32H7xx_HAL_Driver/Src/stm32h7xx_hal_uart.c:2632:13:HAL_UART_AbortTransmitCpltCallback	16	static
../Drivers/STM32H7xx_HAL_Driver/Src/stm32h7xx_hal_uart.c:2647:13:HAL_UART_AbortReceiveCpltCallback	16	static
../Drivers/STM32H7xx_HAL_Driver/Src/stm32h7xx_hal_uart.c:2664:13:HAL_UARTEx_RxEventCallback	16	static
../Drivers/STM32H7xx_HAL_Driver/Src/stm32h7xx_hal_uart.c:2712:6:HAL_UART_ReceiverTimeout_Config	16	static
../Drivers/STM32H7xx_HAL_Driver/Src/stm32h7xx_hal_uart.c:2727:19:HAL_UART_EnableReceiverTimeout	16	static
../Drivers/STM32H7xx_HAL_Driver/Src/stm32h7xx_hal_uart.c:2765:19:HAL_UART_DisableReceiverTimeout	16	static
../Drivers/STM32H7xx_HAL_Driver/Src/stm32h7xx_hal_uart.c:2803:19:HAL_MultiProcessor_EnableMuteMode	40	static,ignoring_inline_asm
../Drivers/STM32H7xx_HAL_Driver/Src/stm32h7xx_hal_uart.c:2823:19:HAL_MultiProcessor_DisableMuteMode	40	static,ignoring_inline_asm
../Drivers/STM32H7xx_HAL_Driver/Src/stm32h7xx_hal_uart.c:2843:6:HAL_MultiProcessor_EnterMuteMode	16	static
../Drivers/STM32H7xx_HAL_Driver/Src/stm32h7xx_hal_uart.c:2853:19:HAL_HalfDuplex_EnableTransmitter	64	static,ignoring_inline_asm
../Drivers/STM32H7xx_HAL_Driver/Src/stm32h7xx_hal_uart.c:2876:19:HAL_HalfDuplex_EnableReceiver	64	static,ignoring_inline_asm
../Drivers/STM32H7xx_HAL_Driver/Src/stm32h7xx_hal_uart.c:2900:19:HAL_LIN_SendBreak	16	static
../Drivers/STM32H7xx_HAL_Driver/Src/stm32h7xx_hal_uart.c:2945:23:HAL_UART_GetState	24	static
../Drivers/STM32H7xx_HAL_Driver/Src/stm32h7xx_hal_uart.c:2961:10:HAL_UART_GetError	16	static
../Drivers/STM32H7xx_HAL_Driver/Src/stm32h7xx_hal_uart.c:3007:19:UART_SetConfig	104	static
../Drivers/STM32H7xx_HAL_Driver/Src/stm32h7xx_hal_uart.c:3271:6:UART_AdvFeatureConfig	16	static
../Drivers/STM32H7xx_HAL_Driver/Src/stm32h7xx_hal_uart.c:3345:19:UART_CheckIdleState	104	static,ignoring_inline_asm
../Drivers/STM32H7xx_HAL_Driver/Src/stm32h7xx_hal_uart.c:3414:19:UART_WaitOnFlagUntilTimeout	24	static
../Drivers/STM32H7xx_HAL_Driver/Src/stm32h7xx_hal_uart.c:3482:19:UART_Start_Receive_IT	144	static,ignoring_inline_asm
../Drivers/STM32H7xx_HAL_Driver/Src/stm32h7xx_hal_uart.c:3554:19:UART_Start_Receive_DMA	96	static,ignoring_inline_asm
../Drivers/STM32H7xx_HAL_Driver/Src/stm32h7xx_hal_uart.c:3611:13:UART_EndTxTransfer	64	static,ignoring_inline_asm
../Drivers/STM32H7xx_HAL_Driver/Src/stm32h7xx_hal_uart.c:3627:13:UART_EndRxTransfer	88	static,ignoring_inline_asm
../Drivers/STM32H7xx_HAL_Driver/Src/stm32h7xx_hal_uart.c:3653:13:UART_DMATransmitCplt	72	static,ignoring_inline_asm
../Drivers/STM32H7xx_HAL_Driver/Src/stm32h7xx_hal_uart.c:3687:13:UART_DMATxHalfCplt	24	static
../Drivers/STM32H7xx_HAL_Driver/Src/stm32h7xx_hal_uart.c:3705:13:UART_DMAReceiveCplt	120	static,ignoring_inline_asm
../Drivers/STM32H7xx_HAL_Driver/Src/stm32h7xx_hal_uart.c:3766:13:UART_DMARxHalfCplt	24	static
../Drivers/STM32H7xx_HAL_Driver/Src/stm32h7xx_hal_uart.c:3804:13:UART_DMAError	32	static
../Drivers/STM32H7xx_HAL_Driver/Src/stm32h7xx_hal_uart.c:3844:13:UART_DMAAbortOnError	24	static
../Drivers/STM32H7xx_HAL_Driver/Src/stm32h7xx_hal_uart.c:3867:13:UART_DMATxAbortCallback	24	static
../Drivers/STM32H7xx_HAL_Driver/Src/stm32h7xx_hal_uart.c:3922:13:UART_DMARxAbortCallback	24	static
../Drivers/STM32H7xx_HAL_Driver/Src/stm32h7xx_hal_uart.c:3974:13:UART_DMATxOnlyAbortCallback	24	static
../Drivers/STM32H7xx_HAL_Driver/Src/stm32h7xx_hal_uart.c:4007:13:UART_DMARxOnlyAbortCallback	24	static
../Drivers/STM32H7xx_HAL_Driver/Src/stm32h7xx_hal_uart.c:4040:13:UART_TxISR_8BIT	64	static,ignoring_inline_asm
../Drivers/STM32H7xx_HAL_Driver/Src/stm32h7xx_hal_uart.c:4069:13:UART_TxISR_16BIT	72	static,ignoring_inline_asm
../Drivers/STM32H7xx_HAL_Driver/Src/stm32h7xx_hal_uart.c:4101:13:UART_TxISR_8BIT_FIFOEN	72	static,ignoring_inline_asm
../Drivers/STM32H7xx_HAL_Driver/Src/stm32h7xx_hal_uart.c:4141:13:UART_TxISR_16BIT_FIFOEN	72	static,ignoring_inline_asm
../Drivers/STM32H7xx_HAL_Driver/Src/stm32h7xx_hal_uart.c:4182:13:UART_EndTransmit_IT	40	static,ignoring_inline_asm
../Drivers/STM32H7xx_HAL_Driver/Src/stm32h7xx_hal_uart.c:4207:13:UART_RxISR_8BIT	120	static,ignoring_inline_asm
../Drivers/STM32H7xx_HAL_Driver/Src/stm32h7xx_hal_uart.c:4298:13:UART_RxISR_16BIT	120	static,ignoring_inline_asm
../Drivers/STM32H7xx_HAL_Driver/Src/stm32h7xx_hal_uart.c:4391:13:UART_RxISR_8BIT_FIFOEN	184	static,ignoring_inline_asm
../Drivers/STM32H7xx_HAL_Driver/Src/stm32h7xx_hal_uart.c:4553:13:UART_RxISR_16BIT_FIFOEN	192	static,ignoring_inline_asm
