../Drivers/STM32H7xx_HAL_Driver/Src/stm32h7xx_hal_eth_ex.c:94:6:HAL_ETHEx_EnableARPOffload	16	static
../Drivers/STM32H7xx_HAL_Driver/Src/stm32h7xx_hal_eth_ex.c:105:6:HAL_ETHEx_DisableARPOffload	16	static
../Drivers/STM32H7xx_HAL_Driver/Src/stm32h7xx_hal_eth_ex.c:117:6:HAL_ETHEx_SetARPAddressMatch	16	static
../Drivers/STM32H7xx_HAL_Driver/Src/stm32h7xx_hal_eth_ex.c:135:19:HAL_ETHEx_SetL4FilterConfig	32	static
../Drivers/STM32H7xx_HAL_Driver/Src/stm32h7xx_hal_eth_ex.c:175:19:HAL_ETHEx_GetL4FilterConfig	24	static
../Drivers/STM32H7xx_HAL_Driver/Src/stm32h7xx_hal_eth_ex.c:212:19:HAL_ETHEx_SetL3FilterConfig	32	static
../Drivers/STM32H7xx_HAL_Driver/Src/stm32h7xx_hal_eth_ex.c:266:19:HAL_ETHEx_GetL3FilterConfig	24	static
../Drivers/STM32H7xx_HAL_Driver/Src/stm32h7xx_hal_eth_ex.c:307:6:HAL_ETHEx_EnableL3L4Filtering	16	static
../Drivers/STM32H7xx_HAL_Driver/Src/stm32h7xx_hal_eth_ex.c:319:6:HAL_ETHEx_DisableL3L4Filtering	16	static
../Drivers/STM32H7xx_HAL_Driver/Src/stm32h7xx_hal_eth_ex.c:333:19:HAL_ETHEx_GetRxVLANConfig	16	static
../Drivers/STM32H7xx_HAL_Driver/Src/stm32h7xx_hal_eth_ex.c:366:19:HAL_ETHEx_SetRxVLANConfig	16	static
../Drivers/STM32H7xx_HAL_Driver/Src/stm32h7xx_hal_eth_ex.c:394:6:HAL_ETHEx_SetVLANHashTable	16	static
../Drivers/STM32H7xx_HAL_Driver/Src/stm32h7xx_hal_eth_ex.c:410:19:HAL_ETHEx_GetTxVLANConfig	24	static
../Drivers/STM32H7xx_HAL_Driver/Src/stm32h7xx_hal_eth_ex.c:445:19:HAL_ETHEx_SetTxVLANConfig	24	static
../Drivers/STM32H7xx_HAL_Driver/Src/stm32h7xx_hal_eth_ex.c:476:6:HAL_ETHEx_SetTxVLANIdentifier	24	static
../Drivers/STM32H7xx_HAL_Driver/Src/stm32h7xx_hal_eth_ex.c:494:6:HAL_ETHEx_EnableVLANProcessing	16	static
../Drivers/STM32H7xx_HAL_Driver/Src/stm32h7xx_hal_eth_ex.c:506:6:HAL_ETHEx_DisableVLANProcessing	16	static
../Drivers/STM32H7xx_HAL_Driver/Src/stm32h7xx_hal_eth_ex.c:520:6:HAL_ETHEx_EnterLPIMode	16	static
../Drivers/STM32H7xx_HAL_Driver/Src/stm32h7xx_hal_eth_ex.c:538:6:HAL_ETHEx_ExitLPIMode	16	static
../Drivers/STM32H7xx_HAL_Driver/Src/stm32h7xx_hal_eth_ex.c:554:10:HAL_ETHEx_GetMACLPIEvent	16	static
