Archive member included to satisfy reference by file (symbol)

C:/ST/STM32CubeIDE_1.15.1/STM32CubeIDE/plugins/com.st.stm32cube.ide.mcu.externaltools.gnu-tools-for-stm32.12.3.rel1.win32_1.0.100.202403111256/tools/bin/../lib/gcc/arm-none-eabi/12.3.1/../../../../arm-none-eabi/lib/thumb/v7e-m+dp/hard\libc_nano.a(libc_a-exit.o)
                              C:/ST/STM32CubeIDE_1.15.1/STM32CubeIDE/plugins/com.st.stm32cube.ide.mcu.externaltools.gnu-tools-for-stm32.12.3.rel1.win32_1.0.100.202403111256/tools/bin/../lib/gcc/arm-none-eabi/12.3.1/../../../../arm-none-eabi/lib/thumb/v7e-m+dp/hard/crt0.o (exit)
C:/ST/STM32CubeIDE_1.15.1/STM32CubeIDE/plugins/com.st.stm32cube.ide.mcu.externaltools.gnu-tools-for-stm32.12.3.rel1.win32_1.0.100.202403111256/tools/bin/../lib/gcc/arm-none-eabi/12.3.1/../../../../arm-none-eabi/lib/thumb/v7e-m+dp/hard\libc_nano.a(libc_a-findfp.o)
                              C:/ST/STM32CubeIDE_1.15.1/STM32CubeIDE/plugins/com.st.stm32cube.ide.mcu.externaltools.gnu-tools-for-stm32.12.3.rel1.win32_1.0.100.202403111256/tools/bin/../lib/gcc/arm-none-eabi/12.3.1/../../../../arm-none-eabi/lib/thumb/v7e-m+dp/hard\libc_nano.a(libc_a-exit.o) (__stdio_exit_handler)
C:/ST/STM32CubeIDE_1.15.1/STM32CubeIDE/plugins/com.st.stm32cube.ide.mcu.externaltools.gnu-tools-for-stm32.12.3.rel1.win32_1.0.100.202403111256/tools/bin/../lib/gcc/arm-none-eabi/12.3.1/../../../../arm-none-eabi/lib/thumb/v7e-m+dp/hard\libc_nano.a(libc_a-fwalk.o)
                              C:/ST/STM32CubeIDE_1.15.1/STM32CubeIDE/plugins/com.st.stm32cube.ide.mcu.externaltools.gnu-tools-for-stm32.12.3.rel1.win32_1.0.100.202403111256/tools/bin/../lib/gcc/arm-none-eabi/12.3.1/../../../../arm-none-eabi/lib/thumb/v7e-m+dp/hard\libc_nano.a(libc_a-findfp.o) (_fwalk_sglue)
C:/ST/STM32CubeIDE_1.15.1/STM32CubeIDE/plugins/com.st.stm32cube.ide.mcu.externaltools.gnu-tools-for-stm32.12.3.rel1.win32_1.0.100.202403111256/tools/bin/../lib/gcc/arm-none-eabi/12.3.1/../../../../arm-none-eabi/lib/thumb/v7e-m+dp/hard\libc_nano.a(libc_a-stdio.o)
                              C:/ST/STM32CubeIDE_1.15.1/STM32CubeIDE/plugins/com.st.stm32cube.ide.mcu.externaltools.gnu-tools-for-stm32.12.3.rel1.win32_1.0.100.202403111256/tools/bin/../lib/gcc/arm-none-eabi/12.3.1/../../../../arm-none-eabi/lib/thumb/v7e-m+dp/hard\libc_nano.a(libc_a-findfp.o) (__sread)
C:/ST/STM32CubeIDE_1.15.1/STM32CubeIDE/plugins/com.st.stm32cube.ide.mcu.externaltools.gnu-tools-for-stm32.12.3.rel1.win32_1.0.100.202403111256/tools/bin/../lib/gcc/arm-none-eabi/12.3.1/../../../../arm-none-eabi/lib/thumb/v7e-m+dp/hard\libc_nano.a(libc_a-memset.o)
                              C:/ST/STM32CubeIDE_1.15.1/STM32CubeIDE/plugins/com.st.stm32cube.ide.mcu.externaltools.gnu-tools-for-stm32.12.3.rel1.win32_1.0.100.202403111256/tools/bin/../lib/gcc/arm-none-eabi/12.3.1/../../../../arm-none-eabi/lib/thumb/v7e-m+dp/hard/crt0.o (memset)
C:/ST/STM32CubeIDE_1.15.1/STM32CubeIDE/plugins/com.st.stm32cube.ide.mcu.externaltools.gnu-tools-for-stm32.12.3.rel1.win32_1.0.100.202403111256/tools/bin/../lib/gcc/arm-none-eabi/12.3.1/../../../../arm-none-eabi/lib/thumb/v7e-m+dp/hard\libc_nano.a(libc_a-closer.o)
                              C:/ST/STM32CubeIDE_1.15.1/STM32CubeIDE/plugins/com.st.stm32cube.ide.mcu.externaltools.gnu-tools-for-stm32.12.3.rel1.win32_1.0.100.202403111256/tools/bin/../lib/gcc/arm-none-eabi/12.3.1/../../../../arm-none-eabi/lib/thumb/v7e-m+dp/hard\libc_nano.a(libc_a-stdio.o) (_close_r)
C:/ST/STM32CubeIDE_1.15.1/STM32CubeIDE/plugins/com.st.stm32cube.ide.mcu.externaltools.gnu-tools-for-stm32.12.3.rel1.win32_1.0.100.202403111256/tools/bin/../lib/gcc/arm-none-eabi/12.3.1/../../../../arm-none-eabi/lib/thumb/v7e-m+dp/hard\libc_nano.a(libc_a-reent.o)
                              C:/ST/STM32CubeIDE_1.15.1/STM32CubeIDE/plugins/com.st.stm32cube.ide.mcu.externaltools.gnu-tools-for-stm32.12.3.rel1.win32_1.0.100.202403111256/tools/bin/../lib/gcc/arm-none-eabi/12.3.1/../../../../arm-none-eabi/lib/thumb/v7e-m+dp/hard\libc_nano.a(libc_a-closer.o) (errno)
C:/ST/STM32CubeIDE_1.15.1/STM32CubeIDE/plugins/com.st.stm32cube.ide.mcu.externaltools.gnu-tools-for-stm32.12.3.rel1.win32_1.0.100.202403111256/tools/bin/../lib/gcc/arm-none-eabi/12.3.1/../../../../arm-none-eabi/lib/thumb/v7e-m+dp/hard\libc_nano.a(libc_a-impure.o)
                              C:/ST/STM32CubeIDE_1.15.1/STM32CubeIDE/plugins/com.st.stm32cube.ide.mcu.externaltools.gnu-tools-for-stm32.12.3.rel1.win32_1.0.100.202403111256/tools/bin/../lib/gcc/arm-none-eabi/12.3.1/../../../../arm-none-eabi/lib/thumb/v7e-m+dp/hard\libc_nano.a(libc_a-reent.o) (_impure_ptr)
C:/ST/STM32CubeIDE_1.15.1/STM32CubeIDE/plugins/com.st.stm32cube.ide.mcu.externaltools.gnu-tools-for-stm32.12.3.rel1.win32_1.0.100.202403111256/tools/bin/../lib/gcc/arm-none-eabi/12.3.1/../../../../arm-none-eabi/lib/thumb/v7e-m+dp/hard\libc_nano.a(libc_a-lseekr.o)
[...]
Memory Configuration

Name             Origin             Length             Attributes
RAM              0x20000000         0x00080000         xrw
FLASH            0x08000000         0x00200000         xr
*default*        0x00000000         0xffffffff

Linker script and memory map

LOAD C:/ST/STM32CubeIDE_1.15.1/STM32CubeIDE/plugins/com.st.stm32cube.ide.mcu.externaltools.gnu-tools-for-stm32.12.3.rel1.win32_1.0.100.202403111256/tools/bin/../lib/gcc/arm-none-eabi/12.3.1/thumb/v7e-m+dp/hard/crti.o
LOAD C:/ST/STM32CubeIDE_1.15.1/STM32CubeIDE/plugins/com.st.stm32cube.ide.mcu.externaltools.gnu-tools-for-stm32.12.3.rel1.win32_1.0.100.202403111256/tools/bin/../lib/gcc/arm-none-eabi/12.3.1/thumb/v7e-m+dp/hard/crtbegin.o
LOAD C:/ST/STM32CubeIDE_1.15.1/STM32CubeIDE/plugins/com.st.stm32cube.ide.mcu.externaltools.gnu-tools-for-stm32.12.3.rel1.win32_1.0.100.202403111256/tools/bin/../lib/gcc/arm-none-eabi/12.3.1/../../../../arm-none-eabi/lib/thumb/v7e-m+dp/hard/crt0.o
LOAD ./Core/Src/Pergamon_float.o
LOAD ./Core/Src/adc.o
LOAD ./Core/Src/can.o
LOAD ./Core/Src/dac.o
LOAD ./Core/Src/dma.o
LOAD ./Core/Src/gpio.o
LOAD ./Core/Src/i2c.o
LOAD ./Core/Src/main.o
LOAD ./Core/Src/stm32f7xx_hal_msp.o
LOAD ./Core/Src/stm32f7xx_it.o
LOAD ./Core/Src/syscalls.o
LOAD ./Core/Src/sysmem.o
LOAD ./Core/Src/system_stm32f7xx.o
LOAD ./Core/Src/tim.o
LOAD ./Core/Src/usb_otg.o
LOAD ./Core/Startup/startup_stm32f777vitx.o
LOAD ./Drivers/STM32F7xx_HAL_Driver/Src/stm32f7xx_hal.o
LOAD ./Drivers/STM32F7xx_HAL_Driver/Src/stm32f7xx_hal_adc.o
LOAD ./Drivers/STM32F7xx_HAL_Driver/Src/stm32f7xx_hal_adc_ex.o
LOAD ./Drivers/STM32F7xx_HAL_Driver/Src/stm32f7xx_hal_can.o
LOAD ./Drivers/STM32F7xx_HAL_Driver/Src/stm32f7xx_hal_cortex.o
LOAD ./Drivers/STM32F7xx_HAL_Driver/Src/stm32f7xx_hal_dac.o
LOAD ./Drivers/STM32F7xx_HAL_Driver/Src/stm32f7xx_hal_dac_ex.o
LOAD ./Drivers/STM32F7xx_HAL_Driver/Src/stm32f7xx_hal_dma.o
LOAD ./Drivers/STM32F7xx_HAL_Driver/Src/stm32f7xx_hal_dma_ex.o
LOAD ./Drivers/STM32F7xx_HAL_Driver/Src/stm32f7xx_hal_exti.o
LOAD ./Drivers/STM32F7xx_HAL_Driver/Src/stm32f7xx_hal_flash.o
LOAD ./Drivers/STM32F7xx_HAL_Driver/Src/stm32f7xx_hal_flash_ex.o
LOAD ./Drivers/STM32F7xx_HAL_Driver/Src/stm32f7xx_hal_gpio.o
LOAD ./Drivers/STM32F7xx_HAL_Driver/Src/stm32f7xx_hal_i2c.o
LOAD ./Drivers/STM32F7xx_HAL_Driver/Src/stm32f7xx_hal_i2c_ex.o
LOAD ./Drivers/STM32F7xx_HAL_Driver/Src/stm32f7xx_hal_pwr.o
LOAD ./Drivers/STM32F7xx_HAL_Driver/Src/stm32f7xx_hal_pwr_ex.o
LOAD ./Drivers/STM32F7xx_HAL_Driver/Src/stm32f7xx_hal_rcc.o
LOAD ./Drivers/STM32F7xx_HAL_Driver/Src/stm32f7xx_hal_rcc_ex.o
LOAD ./Drivers/STM32F7xx_HAL_Driver/Src/stm32f7xx_hal_tim.o
LOAD ./Drivers/STM32F7xx_HAL_Driver/Src/stm32f7xx_hal_tim_ex.o
START GROUP
LOAD C:/ST/STM32CubeIDE_1.15.1/STM32CubeIDE/plugins/com.st.stm32cube.ide.mcu.externaltools.gnu-tools-for-stm32.12.3.rel1.win32_1.0.100.202403111256/tools/bin/../lib/gcc/arm-none-eabi/12.3.1/../../../../arm-none-eabi/lib/thumb/v7e-m+dp/hard\libc_nano.a
LOAD C:/ST/STM32CubeIDE_1.15.1/STM32CubeIDE/plugins/com.st.stm32cube.ide.mcu.externaltools.gnu-tools-for-stm32.12.3.rel1.win32_1.0.100.202403111256/tools/bin/../lib/gcc/arm-none-eabi/12.3.1/../../../../arm-none-eabi/lib/thumb/v7e-m+dp/hard\libm.a
END GROUP
START GROUP
LOAD C:/ST/STM32CubeIDE_1.15.1/STM32CubeIDE/plugins/com.st.stm32cube.ide.mcu.externaltools.gnu-tools-for-stm32.12.3.rel1.win32_1.0.100.202403111256/tools/bin/../lib/gcc/arm-none-eabi/12.3.1/thumb/v7e-m+dp/hard\libgcc.a
LOAD C:/ST/STM32CubeIDE_1.15.1/STM32CubeIDE/plugins/com.st.stm32cube.ide.mcu.externaltools.gnu-tools-for-stm32.12.3.rel1.win32_1.0.100.202403111256/tools/bin/../lib/gcc/arm-none-eabi/12.3.1/../../../../arm-none-eabi/lib/thumb/v7e-m+dp/hard\libc_nano.a
END GROUP
START GROUP
LOAD C:/ST/STM32CubeIDE_1.15.1/STM32CubeIDE/plugins/com.st.stm32cube.ide.mcu.externaltools.gnu-tools-for-stm32.12.3.rel1.win32_1.0.100.202403111256/tools/bin/../lib/gcc/arm-none-eabi/12.3.1/thumb/v7e-m+dp/hard\libgcc.a
LOAD C:/ST/STM32CubeIDE_1.15.1/STM32CubeIDE/plugins/com.st.stm32cube.ide.mcu.externaltools.gnu-tools-for-stm32.12.3.rel1.win32_1.0.100.202403111256/tools/bin/../lib/gcc/arm-none-eabi/12.3.1/../../../../arm-none-eabi/lib/thumb/v7e-m+dp/hard\libc_nano.a
LOAD C:/ST/STM32CubeIDE_1.15.1/STM32CubeIDE/plugins/com.st.stm32cube.ide.mcu.externaltools.gnu-tools-for-stm32.12.3.rel1.win32_1.0.100.202403111256/tools/bin/../lib/gcc/arm-none-eabi/12.3.1/../../../../arm-none-eabi/lib/thumb/v7e-m+dp/hard\libnosys.a
END GROUP
START GROUP
LOAD C:/ST/STM32CubeIDE_1.15.1/STM32CubeIDE/plugins/com.st.stm32cube.ide.mcu.externaltools.gnu-tools-for-stm32.12.3.rel1.win32_1.0.100.202403111256/tools/bin/../lib/gcc/arm-none-eabi/12.3.1/thumb/v7e-m+dp/hard\libgcc.a
LOAD C:/ST/STM32CubeIDE_1.15.1/STM32CubeIDE/plugins/com.st.stm32cube.ide.mcu.externaltools.gnu-tools-for-stm32.12.3.rel1.win32_1.0.100.202403111256/tools/bin/../lib/gcc/arm-none-eabi/12.3.1/../../../../arm-none-eabi/lib/thumb/v7e-m+dp/hard\libc_nano.a
LOAD C:/ST/STM32CubeIDE_1.15.1/STM32CubeIDE/plugins/com.st.stm32cube.ide.mcu.externaltools.gnu-tools-for-stm32.12.3.rel1.win32_1.0.100.202403111256/tools/bin/../lib/gcc/arm-none-eabi/12.3.1/../../../../arm-none-eabi/lib/thumb/v7e-m+dp/hard\libnosys.a
END GROUP
LOAD C:/ST/STM32CubeIDE_1.15.1/STM32CubeIDE/plugins/com.st.stm32cube.ide.mcu.externaltools.gnu-tools-for-stm32.12.3.rel1.win32_1.0.100.202403111256/tools/bin/../lib/gcc/arm-none-eabi/12.3.1/thumb/v7e-m+dp/hard/crtend.o
LOAD C:/ST/STM32CubeIDE_1.15.1/STM32CubeIDE/plugins/com.st.stm32cube.ide.mcu.externaltools.gnu-tools-for-stm32.12.3.rel1.win32_1.0.100.202403111256/tools/bin/../lib/gcc/arm-none-eabi/12.3.1/thumb/v7e-m+dp/hard/crtn.o
                0x20080000                        _estack = (ORIGIN (RAM) + LENGTH (RAM))
                0x00000200                        _Min_Heap_Size = 0x200
                0x00000400                        _Min_Stack_Size = 0x400

.isr_vector     0x08000000      0x1f8
                0x08000000                        . = ALIGN (0x4)
 *(.isr_vector)
 .isr_vector    0x08000000      0x1f8 ./Core/Startup/startup_stm32f777vitx.o
                0x08000000                g_pfnVectors
                0x080001f8                        . = ALIGN (0x4)

.text           0x080001f8     0x6350
                0x080001f8                        . = ALIGN (0x4)
 *(.text)
 .text          0x080001f8       0x40 C:/ST/STM32CubeIDE_1.15.1/STM32CubeIDE/plugins/com.st.stm32cube.ide.mcu.externaltools.gnu-tools-for-stm32.12.3.rel1.win32_1.0.100.202403111256/tools/bin/../lib/gcc/arm-none-eabi/12.3.1/thumb/v7e-m+dp/hard/crtbegin.o
 .text          0x08000238       0x30 C:/ST/STM32CubeIDE_1.15.1/STM32CubeIDE/plugins/com.st.stm32cube.ide.mcu.externaltools.gnu-tools-for-stm32.12.3.rel1.win32_1.0.100.202403111256/tools/bin/../lib/gcc/arm-none-eabi/12.3.1/thumb/v7e-m+dp/hard\libgcc.a(_aeabi_uldivmod.o)
                0x08000238                __aeabi_uldivmod
 .text          0x08000268      0x2bc C:/ST/STM32CubeIDE_1.15.1/STM32CubeIDE/plugins/com.st.stm32cube.ide.mcu.externaltools.gnu-tools-for-stm32.12.3.rel1.win32_1.0.100.202403111256/tools/bin/../lib/gcc/arm-none-eabi/12.3.1/thumb/v7e-m+dp/hard\libgcc.a(_udivmoddi4.o)
                0x08000268                __udivmoddi4
 .text          0x08000524        0x4 C:/ST/STM32CubeIDE_1.15.1/STM32CubeIDE/plugins/com.st.stm32cube.ide.mcu.externaltools.gnu-tools-for-stm32.12.3.rel1.win32_1.0.100.202403111256/tools/bin/../lib/gcc/arm-none-eabi/12.3.1/thumb/v7e-m+dp/hard\libgcc.a(_dvmd_tls.o)
                0x08000524                __aeabi_idiv0
                0x08000524                __aeabi_ldiv0
 *(.text*)
 .text.MX_ADC1_Init
                0x08000528       0xdc ./Core/Src/adc.o
                0x08000528                MX_ADC1_Init
 .text.MX_ADC2_Init
                0x08000604       0xf8 ./Core/Src/adc.o
                0x08000604                MX_ADC2_Init
 .text.MX_ADC3_Init
                0x080006fc       0xa4 ./Core/Src/adc.o
                0x080006fc                MX_ADC3_Init
 .text.HAL_ADC_MspInit
                0x080007a0      0x2d0 ./Core/Src/adc.o
                0x080007a0                HAL_ADC_MspInit
 .text.MX_CAN1_Init
                0x08000a70       0x6c ./Core/Src/can.o
                0x08000a70                MX_CAN1_Init
 .text.HAL_CAN_MspInit
                0x08000adc       0xa8 ./Core/Src/can.o
                0x08000adc                HAL_CAN_MspInit
 .text.MX_DAC_Init
                0x08000b84       0x54 ./Core/Src/dac.o
                0x08000b84                MX_DAC_Init
 .text.HAL_DAC_MspInit
                0x08000bd8       0x90 ./Core/Src/dac.o
                0x08000bd8                HAL_DAC_MspInit
 .text.MX_DMA_Init
                0x08000c68       0x5c ./Core/Src/dma.o
                0x08000c68                MX_DMA_Init
 .text.MX_GPIO_Init
                0x08000cc4      0x1d0 ./Core/Src/gpio.o
                0x08000cc4                MX_GPIO_Init
 .text.MX_I2C1_Init
                0x08000e94       0x80 ./Core/Src/i2c.o
                0x08000e94                MX_I2C1_Init
 .text.HAL_I2C_MspInit
                0x08000f14       0xbc ./Core/Src/i2c.o
                0x08000f14                HAL_I2C_MspInit
 .text.main     0x08000fd0       0xbc ./Core/Src/main.o
                0x08000fd0                main
 .text.SystemClock_Config
                0x0800108c       0xdc ./Core/Src/main.o
                0x0800108c                SystemClock_Config
 .text.Error_Handler
                0x08001168        0xc ./Core/Src/main.o
                0x08001168                Error_Handler
 .text.HAL_MspInit
                0x08001174       0x48 ./Core/Src/stm32f7xx_hal_msp.o
                0x08001174                HAL_MspInit
 .text.NMI_Handler
                0x080011bc        0x8 ./Core/Src/stm32f7xx_it.o
                0x080011bc                NMI_Handler
 .text.HardFault_Handler
                0x080011c4        0x8 ./Core/Src/stm32f7xx_it.o
                0x080011c4                HardFault_Handler
 .text.MemManage_Handler
                0x080011cc        0x8 ./Core/Src/stm32f7xx_it.o
                0x080011cc                MemManage_Handler
 .text.BusFault_Handler
                0x080011d4        0x8 ./Core/Src/stm32f7xx_it.o
                0x080011d4                BusFault_Handler
 .text.UsageFault_Handler
                0x080011dc        0x8 ./Core/Src/stm32f7xx_it.o
                0x080011dc                UsageFault_Handler
 .text.SVC_Handler
                0x080011e4        0xe ./Core/Src/stm32f7xx_it.o
                0x080011e4                SVC_Handler
 .text.DebugMon_Handler
                0x080011f2        0xe ./Core/Src/stm32f7xx_it.o
                0x080011f2                DebugMon_Handler
 .text.PendSV_Handler
                0x08001200        0xe ./Core/Src/stm32f7xx_it.o
                0x08001200                PendSV_Handler
 .text.SysTick_Handler
                0x0800120e        0xc ./Core/Src/stm32f7xx_it.o
                0x0800120e                SysTick_Handler
 *fill*         0x0800121a        0x2 
 .text.ADC_IRQHandler
                0x0800121c       0x28 ./Core/Src/stm32f7xx_it.o
                0x0800121c                ADC_IRQHandler
 .text.CAN1_RX0_IRQHandler
                0x08001244       0x14 ./Core/Src/stm32f7xx_it.o
                0x08001244                CAN1_RX0_IRQHandler
 .text.CAN1_RX1_IRQHandler
                0x08001258       0x14 ./Core/Src/stm32f7xx_it.o
                0x08001258                CAN1_RX1_IRQHandler
 .text.TIM6_DAC_IRQHandler
                0x0800126c       0x14 ./Core/Src/stm32f7xx_it.o
                0x0800126c                TIM6_DAC_IRQHandler
 .text.DMA2_Stream0_IRQHandler
                0x08001280       0x14 ./Core/Src/stm32f7xx_it.o
                0x08001280                DMA2_Stream0_IRQHandler
 .text.DMA2_Stream1_IRQHandler
                0x08001294       0x14 ./Core/Src/stm32f7xx_it.o
                0x08001294                DMA2_Stream1_IRQHandler
 .text.DMA2_Stream2_IRQHandler
                0x080012a8       0x20 ./Core/Src/stm32f7xx_it.o
                0x080012a8                DMA2_Stream2_IRQHandler
 .text.SystemInit
                0x080012c8       0x24 ./Core/Src/system_stm32f7xx.o
                0x080012c8                SystemInit
 .text.MX_TIM1_Init
                0x080012ec      0x19c ./Core/Src/tim.o
                0x080012ec                MX_TIM1_Init
 .text.MX_TIM2_Init
                0x08001488       0xd4 ./Core/Src/tim.o
                0x08001488                MX_TIM2_Init
 .text.MX_TIM4_Init
                0x0800155c       0xd4 ./Core/Src/tim.o
                0x0800155c                MX_TIM4_Init
 .text.MX_TIM8_Init
                0x08001630      0x19c ./Core/Src/tim.o
                0x08001630                MX_TIM8_Init
 .text.HAL_TIM_Base_MspInit
                0x080017cc       0x68 ./Core/Src/tim.o
                0x080017cc                HAL_TIM_Base_MspInit
 .text.HAL_TIM_IC_MspInit
                0x08001834      0x128 ./Core/Src/tim.o
                0x08001834                HAL_TIM_IC_MspInit
 .text.HAL_TIM_MspPostInit
                0x0800195c      0x138 ./Core/Src/tim.o
                0x0800195c                HAL_TIM_MspPostInit
 .text.MX_USB_OTG_FS_USB_Init
                0x08001a94        0xe ./Core/Src/usb_otg.o
                0x08001a94                MX_USB_OTG_FS_USB_Init
 *fill*         0x08001aa2        0x2 
 .text.Reset_Handler
                0x08001aa4       0x50 ./Core/Startup/startup_stm32f777vitx.o
                0x08001aa4                Reset_Handler
 .text.Default_Handler
                0x08001af4        0x2 ./Core/Startup/startup_stm32f777vitx.o
                0x08001af4                RTC_Alarm_IRQHandler
                0x08001af4                HASH_RNG_IRQHandler
                0x08001af4                EXTI2_IRQHandler
                0x08001af4                TIM8_CC_IRQHandler
                0x08001af4                UART8_IRQHandler
                0x08001af4                SPI4_IRQHandler
                0x08001af4                TIM1_CC_IRQHandler
                0x08001af4                DMA2_Stream5_IRQHandler
                0x08001af4                JPEG_IRQHandler
                0x08001af4                DMA1_Stream5_IRQHandler
                0x08001af4                CAN3_RX1_IRQHandler
                0x08001af4                PVD_IRQHandler
                0x08001af4                TAMP_STAMP_IRQHandler
                0x08001af4                CAN2_RX1_IRQHandler
                0x08001af4                EXTI3_IRQHandler
                0x08001af4                TIM8_TRG_COM_TIM14_IRQHandler
                0x08001af4                DFSDM1_FLT1_IRQHandler
                0x08001af4                TIM1_UP_TIM10_IRQHandler
                0x08001af4                TIM8_UP_TIM13_IRQHandler
                0x08001af4                I2C3_ER_IRQHandler
                0x08001af4                DFSDM1_FLT2_IRQHandler
                0x08001af4                EXTI0_IRQHandler
                0x08001af4                I2C2_EV_IRQHandler
                0x08001af4                DMA1_Stream2_IRQHandler
                0x08001af4                FPU_IRQHandler
                0x08001af4                OTG_HS_WKUP_IRQHandler
                0x08001af4                CAN3_SCE_IRQHandler
                0x08001af4                LTDC_ER_IRQHandler
                0x08001af4                CAN2_SCE_IRQHandler
                0x08001af4                SPI1_IRQHandler
                0x08001af4                TIM1_BRK_TIM9_IRQHandler
                0x08001af4                DCMI_IRQHandler
                0x08001af4                CAN2_RX0_IRQHandler
                0x08001af4                DMA2_Stream3_IRQHandler
                0x08001af4                SAI2_IRQHandler
                0x08001af4                DFSDM1_FLT3_IRQHandler
                0x08001af4                USART6_IRQHandler
                0x08001af4                CAN3_RX0_IRQHandler
                0x08001af4                USART3_IRQHandler
                0x08001af4                CRYP_IRQHandler
                0x08001af4                UART5_IRQHandler
                0x08001af4                TIM4_IRQHandler
                0x08001af4                QUADSPI_IRQHandler
                0x08001af4                I2C1_EV_IRQHandler
                0x08001af4                DMA1_Stream6_IRQHandler
                0x08001af4                DMA1_Stream1_IRQHandler
                0x08001af4                UART4_IRQHandler
                0x08001af4                TIM3_IRQHandler
                0x08001af4                RCC_IRQHandler
                0x08001af4                TIM8_BRK_TIM12_IRQHandler
                0x08001af4                Default_Handler
                0x08001af4                CEC_IRQHandler
                0x08001af4                EXTI15_10_IRQHandler
                0x08001af4                DMA1_Stream7_IRQHandler
                0x08001af4                SPI5_IRQHandler
                0x08001af4                TIM7_IRQHandler
                0x08001af4                SDMMC1_IRQHandler
                0x08001af4                CAN2_TX_IRQHandler
                0x08001af4                TIM5_IRQHandler
                0x08001af4                DMA2_Stream7_IRQHandler
                0x08001af4                I2C3_EV_IRQHandler
                0x08001af4                EXTI9_5_IRQHandler
                0x08001af4                RTC_WKUP_IRQHandler
                0x08001af4                LTDC_IRQHandler
                0x08001af4                ETH_WKUP_IRQHandler
                0x08001af4                SPDIF_RX_IRQHandler
                0x08001af4                SPI2_IRQHandler
                0x08001af4                OTG_HS_EP1_IN_IRQHandler
                0x08001af4                DMA1_Stream0_IRQHandler
                0x08001af4                CAN1_TX_IRQHandler
                0x08001af4                EXTI4_IRQHandler
                0x08001af4                ETH_IRQHandler
                0x08001af4                OTG_HS_EP1_OUT_IRQHandler
                0x08001af4                WWDG_IRQHandler
                0x08001af4                SPI6_IRQHandler
                0x08001af4                MDIOS_IRQHandler
                0x08001af4                I2C4_EV_IRQHandler
                0x08001af4                CAN3_TX_IRQHandler
                0x08001af4                TIM2_IRQHandler
                0x08001af4                OTG_FS_WKUP_IRQHandler
                0x08001af4                TIM1_TRG_COM_TIM11_IRQHandler
                0x08001af4                OTG_HS_IRQHandler
                0x08001af4                DMA2D_IRQHandler
                0x08001af4                EXTI1_IRQHandler
                0x08001af4                SDMMC2_IRQHandler
                0x08001af4                UART7_IRQHandler
                0x08001af4                USART2_IRQHandler
                0x08001af4                DFSDM1_FLT0_IRQHandler
                0x08001af4                I2C2_ER_IRQHandler
                0x08001af4                CAN1_SCE_IRQHandler
                0x08001af4                FLASH_IRQHandler
                0x08001af4                DMA2_Stream4_IRQHandler
                0x08001af4                USART1_IRQHandler
                0x08001af4                OTG_FS_IRQHandler
                0x08001af4                SPI3_IRQHandler
                0x08001af4                DMA1_Stream4_IRQHandler
                0x08001af4                I2C1_ER_IRQHandler
                0x08001af4                FMC_IRQHandler
                0x08001af4                LPTIM1_IRQHandler
                0x08001af4                I2C4_ER_IRQHandler
                0x08001af4                DMA2_Stream6_IRQHandler
                0x08001af4                SAI1_IRQHandler
                0x08001af4                DMA1_Stream3_IRQHandler
 .text.HAL_Init
                0x08001af6       0x1a ./Drivers/STM32F7xx_HAL_Driver/Src/stm32f7xx_hal.o
                0x08001af6                HAL_Init
 .text.HAL_InitTick
                0x08001b10       0x60 ./Drivers/STM32F7xx_HAL_Driver/Src/stm32f7xx_hal.o
                0x08001b10                HAL_InitTick
 .text.HAL_IncTick
                0x08001b70       0x28 ./Drivers/STM32F7xx_HAL_Driver/Src/stm32f7xx_hal.o
                0x08001b70                HAL_IncTick
 .text.HAL_GetTick
                0x08001b98       0x18 ./Drivers/STM32F7xx_HAL_Driver/Src/stm32f7xx_hal.o
                0x08001b98                HAL_GetTick
 .text.HAL_Delay
                0x08001bb0       0x48 ./Drivers/STM32F7xx_HAL_Driver/Src/stm32f7xx_hal.o
                0x08001bb0                HAL_Delay
 .text.HAL_ADC_Init
                0x08001bf8       0x88 ./Drivers/STM32F7xx_HAL_Driver/Src/stm32f7xx_hal_adc.o
                0x08001bf8                HAL_ADC_Init
 .text.HAL_ADC_IRQHandler
                0x08001c80      0x220 ./Drivers/STM32F7xx_HAL_Driver/Src/stm32f7xx_hal_adc.o
                0x08001c80                HAL_ADC_IRQHandler
 .text.HAL_ADC_Start_DMA
                0x08001ea0      0x1f4 ./Drivers/STM32F7xx_HAL_Driver/Src/stm32f7xx_hal_adc.o
                0x08001ea0                HAL_ADC_Start_DMA
 .text.HAL_ADC_ConvCpltCallback
                0x08002094       0x14 ./Drivers/STM32F7xx_HAL_Driver/Src/stm32f7xx_hal_adc.o
                0x08002094                HAL_ADC_ConvCpltCallback
 .text.HAL_ADC_ConvHalfCpltCallback
                0x080020a8       0x14 ./Drivers/STM32F7xx_HAL_Driver/Src/stm32f7xx_hal_adc.o
                0x080020a8                HAL_ADC_ConvHalfCpltCallback
 .text.HAL_ADC_LevelOutOfWindowCallback
                0x080020bc       0x14 ./Drivers/STM32F7xx_HAL_Driver/Src/stm32f7xx_hal_adc.o
                0x080020bc                HAL_ADC_LevelOutOfWindowCallback
 .text.HAL_ADC_ErrorCallback
                0x080020d0       0x14 ./Drivers/STM32F7xx_HAL_Driver/Src/stm32f7xx_hal_adc.o
                0x080020d0                HAL_ADC_ErrorCallback
 .text.HAL_ADC_ConfigChannel
                0x080020e4      0x2ac ./Drivers/STM32F7xx_HAL_Driver/Src/stm32f7xx_hal_adc.o
                0x080020e4                HAL_ADC_ConfigChannel
 .text.ADC_Init
                0x08002390      0x1f4 ./Drivers/STM32F7xx_HAL_Driver/Src/stm32f7xx_hal_adc.o
 .text.ADC_DMAConvCplt
                0x08002584       0xba ./Drivers/STM32F7xx_HAL_Driver/Src/stm32f7xx_hal_adc.o
 .text.ADC_DMAHalfConvCplt
                0x0800263e       0x1c ./Drivers/STM32F7xx_HAL_Driver/Src/stm32f7xx_hal_adc.o
 .text.ADC_DMAError
                0x0800265a       0x2e ./Drivers/STM32F7xx_HAL_Driver/Src/stm32f7xx_hal_adc.o
 .text.HAL_ADCEx_InjectedConvCpltCallback
                0x08002688       0x14 ./Drivers/STM32F7xx_HAL_Driver/Src/stm32f7xx_hal_adc_ex.o
                0x08002688                HAL_ADCEx_InjectedConvCpltCallback
 .text.HAL_CAN_Init
                0x0800269c      0x1f6 ./Drivers/STM32F7xx_HAL_Driver/Src/stm32f7xx_hal_can.o
                0x0800269c                HAL_CAN_Init
 .text.HAL_CAN_IRQHandler
                0x08002892      0x36e ./Drivers/STM32F7xx_HAL_Driver/Src/stm32f7xx_hal_can.o
                0x08002892                HAL_CAN_IRQHandler
 .text.HAL_CAN_TxMailbox0CompleteCallback
                0x08002c00       0x14 ./Drivers/STM32F7xx_HAL_Driver/Src/stm32f7xx_hal_can.o
                0x08002c00                HAL_CAN_TxMailbox0CompleteCallback
 .text.HAL_CAN_TxMailbox1CompleteCallback
                0x08002c14       0x14 ./Drivers/STM32F7xx_HAL_Driver/Src/stm32f7xx_hal_can.o
                0x08002c14                HAL_CAN_TxMailbox1CompleteCallback
 .text.HAL_CAN_TxMailbox2CompleteCallback
                0x08002c28       0x14 ./Drivers/STM32F7xx_HAL_Driver/Src/stm32f7xx_hal_can.o
                0x08002c28                HAL_CAN_TxMailbox2CompleteCallback
 .text.HAL_CAN_TxMailbox0AbortCallback
                0x08002c3c       0x14 ./Drivers/STM32F7xx_HAL_Driver/Src/stm32f7xx_hal_can.o
                0x08002c3c                HAL_CAN_TxMailbox0AbortCallback
 .text.HAL_CAN_TxMailbox1AbortCallback
                0x08002c50       0x14 ./Drivers/STM32F7xx_HAL_Driver/Src/stm32f7xx_hal_can.o
                0x08002c50                HAL_CAN_TxMailbox1AbortCallback
 .text.HAL_CAN_TxMailbox2AbortCallback
                0x08002c64       0x14 ./Drivers/STM32F7xx_HAL_Driver/Src/stm32f7xx_hal_can.o
                0x08002c64                HAL_CAN_TxMailbox2AbortCallback
 .text.HAL_CAN_RxFifo0MsgPendingCallback
                0x08002c78       0x14 ./Drivers/STM32F7xx_HAL_Driver/Src/stm32f7xx_hal_can.o
                0x08002c78                HAL_CAN_RxFifo0MsgPendingCallback
 .text.HAL_CAN_RxFifo0FullCallback
                0x08002c8c       0x14 ./Drivers/STM32F7xx_HAL_Driver/Src/stm32f7xx_hal_can.o
                0x08002c8c                HAL_CAN_RxFifo0FullCallback
 .text.HAL_CAN_RxFifo1MsgPendingCallback
                0x08002ca0       0x14 ./Drivers/STM32F7xx_HAL_Driver/Src/stm32f7xx_hal_can.o
                0x08002ca0                HAL_CAN_RxFifo1MsgPendingCallback
 .text.HAL_CAN_RxFifo1FullCallback
                0x08002cb4       0x14 ./Drivers/STM32F7xx_HAL_Driver/Src/stm32f7xx_hal_can.o
                0x08002cb4                HAL_CAN_RxFifo1FullCallback
 .text.HAL_CAN_SleepCallback
                0x08002cc8       0x14 ./Drivers/STM32F7xx_HAL_Driver/Src/stm32f7xx_hal_can.o
                0x08002cc8                HAL_CAN_SleepCallback
 .text.HAL_CAN_WakeUpFromRxMsgCallback
                0x08002cdc       0x14 ./Drivers/STM32F7xx_HAL_Driver/Src/stm32f7xx_hal_can.o
                0x08002cdc                HAL_CAN_WakeUpFromRxMsgCallback
 .text.HAL_CAN_ErrorCallback
                0x08002cf0       0x14 ./Drivers/STM32F7xx_HAL_Driver/Src/stm32f7xx_hal_can.o
                0x08002cf0                HAL_CAN_ErrorCallback
 .text.__NVIC_SetPriorityGrouping
                0x08002d04       0x48 ./Drivers/STM32F7xx_HAL_Driver/Src/stm32f7xx_hal_cortex.o
 .text.__NVIC_GetPriorityGrouping
                0x08002d4c       0x1c ./Drivers/STM32F7xx_HAL_Driver/Src/stm32f7xx_hal_cortex.o
 .text.__NVIC_EnableIRQ
                0x08002d68       0x3c ./Drivers/STM32F7xx_HAL_Driver/Src/stm32f7xx_hal_cortex.o
 .text.__NVIC_SetPriority
                0x08002da4       0x54 ./Drivers/STM32F7xx_HAL_Driver/Src/stm32f7xx_hal_cortex.o
 .text.NVIC_EncodePriority
                0x08002df8       0x66 ./Drivers/STM32F7xx_HAL_Driver/Src/stm32f7xx_hal_cortex.o
 *fill*         0x08002e5e        0x2 
 .text.SysTick_Config
                0x08002e60       0x44 ./Drivers/STM32F7xx_HAL_Driver/Src/stm32f7xx_hal_cortex.o
 .text.HAL_NVIC_SetPriorityGrouping
                0x08002ea4       0x16 ./Drivers/STM32F7xx_HAL_Driver/Src/stm32f7xx_hal_cortex.o
                0x08002ea4                HAL_NVIC_SetPriorityGrouping
 .text.HAL_NVIC_SetPriority
                0x08002eba       0x38 ./Drivers/STM32F7xx_HAL_Driver/Src/stm32f7xx_hal_cortex.o
                0x08002eba                HAL_NVIC_SetPriority
 .text.HAL_NVIC_EnableIRQ
                0x08002ef2       0x1c ./Drivers/STM32F7xx_HAL_Driver/Src/stm32f7xx_hal_cortex.o
                0x08002ef2                HAL_NVIC_EnableIRQ
 .text.HAL_SYSTICK_Config
                0x08002f0e       0x18 ./Drivers/STM32F7xx_HAL_Driver/Src/stm32f7xx_hal_cortex.o
                0x08002f0e                HAL_SYSTICK_Config
 .text.HAL_DAC_Init
                0x08002f26       0x44 ./Drivers/STM32F7xx_HAL_Driver/Src/stm32f7xx_hal_dac.o
                0x08002f26                HAL_DAC_Init
 .text.HAL_DAC_IRQHandler
                0x08002f6a       0xb4 ./Drivers/STM32F7xx_HAL_Driver/Src/stm32f7xx_hal_dac.o
                0x08002f6a                HAL_DAC_IRQHandler
 .text.HAL_DAC_DMAUnderrunCallbackCh1
                0x0800301e       0x14 ./Drivers/STM32F7xx_HAL_Driver/Src/stm32f7xx_hal_dac.o
                0x0800301e                HAL_DAC_DMAUnderrunCallbackCh1
 .text.HAL_DAC_ConfigChannel
                0x08003032       0x9e ./Drivers/STM32F7xx_HAL_Driver/Src/stm32f7xx_hal_dac.o
                0x08003032                HAL_DAC_ConfigChannel
 .text.HAL_DACEx_DMAUnderrunCallbackCh2
                0x080030d0       0x14 ./Drivers/STM32F7xx_HAL_Driver/Src/stm32f7xx_hal_dac_ex.o
                0x080030d0                HAL_DACEx_DMAUnderrunCallbackCh2
 .text.HAL_DMA_Init
                0x080030e4      0x15c ./Drivers/STM32F7xx_HAL_Driver/Src/stm32f7xx_hal_dma.o
                0x080030e4                HAL_DMA_Init
 .text.HAL_DMA_Start_IT
                0x08003240       0xc0 ./Drivers/STM32F7xx_HAL_Driver/Src/stm32f7xx_hal_dma.o
                0x08003240                HAL_DMA_Start_IT
 .text.HAL_DMA_IRQHandler
                0x08003300      0x314 ./Drivers/STM32F7xx_HAL_Driver/Src/stm32f7xx_hal_dma.o
                0x08003300                HAL_DMA_IRQHandler
 .text.DMA_SetConfig
                0x08003614       0x5c ./Drivers/STM32F7xx_HAL_Driver/Src/stm32f7xx_hal_dma.o
 .text.DMA_CalcBaseAndBitshift
                0x08003670       0x6c ./Drivers/STM32F7xx_HAL_Driver/Src/stm32f7xx_hal_dma.o
 .text.DMA_CheckFifoParam
                0x080036dc       0xf8 ./Drivers/STM32F7xx_HAL_Driver/Src/stm32f7xx_hal_dma.o
 .text.HAL_GPIO_Init
                0x080037d4      0x358 ./Drivers/STM32F7xx_HAL_Driver/Src/stm32f7xx_hal_gpio.o
                0x080037d4                HAL_GPIO_Init
 .text.HAL_GPIO_ReadPin
                0x08003b2c       0x30 ./Drivers/STM32F7xx_HAL_Driver/Src/stm32f7xx_hal_gpio.o
                0x08003b2c                HAL_GPIO_ReadPin
 .text.HAL_GPIO_WritePin
                0x08003b5c       0x32 ./Drivers/STM32F7xx_HAL_Driver/Src/stm32f7xx_hal_gpio.o
                0x08003b5c                HAL_GPIO_WritePin
 *fill*         0x08003b8e        0x2 
 .text.HAL_I2C_Init
                0x08003b90      0x120 ./Drivers/STM32F7xx_HAL_Driver/Src/stm32f7xx_hal_i2c.o
                0x08003b90                HAL_I2C_Init
 .text.HAL_I2CEx_ConfigAnalogFilter
                0x08003cb0       0x96 ./Drivers/STM32F7xx_HAL_Driver/Src/stm32f7xx_hal_i2c_ex.o
                0x08003cb0                HAL_I2CEx_ConfigAnalogFilter
 .text.HAL_I2CEx_ConfigDigitalFilter
                0x08003d46       0x98 ./Drivers/STM32F7xx_HAL_Driver/Src/stm32f7xx_hal_i2c_ex.o
                0x08003d46                HAL_I2CEx_ConfigDigitalFilter
 *fill*         0x08003dde        0x2 
 .text.HAL_PWREx_EnableOverDrive
                0x08003de0       0xa0 ./Drivers/STM32F7xx_HAL_Driver/Src/stm32f7xx_hal_pwr_ex.o
                0x08003de0                HAL_PWREx_EnableOverDrive
 .text.HAL_RCC_OscConfig
                0x08003e80      0x55c ./Drivers/STM32F7xx_HAL_Driver/Src/stm32f7xx_hal_rcc.o
                0x08003e80                HAL_RCC_OscConfig
 .text.HAL_RCC_ClockConfig
                0x080043dc      0x1d8 ./Drivers/STM32F7xx_HAL_Driver/Src/stm32f7xx_hal_rcc.o
                0x080043dc                HAL_RCC_ClockConfig
 .text.HAL_RCC_GetSysClockFreq
                0x080045b4      0x18c ./Drivers/STM32F7xx_HAL_Driver/Src/stm32f7xx_hal_rcc.o
                0x080045b4                HAL_RCC_GetSysClockFreq
 .text.HAL_RCCEx_PeriphCLKConfig
                0x08004740      0x850 ./Drivers/STM32F7xx_HAL_Driver/Src/stm32f7xx_hal_rcc_ex.o
                0x08004740                HAL_RCCEx_PeriphCLKConfig
 .text.HAL_TIM_Base_Init
                0x08004f90       0xae ./Drivers/STM32F7xx_HAL_Driver/Src/stm32f7xx_hal_tim.o
                0x08004f90                HAL_TIM_Base_Init
 *fill*         0x0800503e        0x2 
 .text.HAL_TIM_Base_Start
                0x08005040       0xe0 ./Drivers/STM32F7xx_HAL_Driver/Src/stm32f7xx_hal_tim.o
                0x08005040                HAL_TIM_Base_Start
 .text.HAL_TIM_OC_Init
                0x08005120       0xae ./Drivers/STM32F7xx_HAL_Driver/Src/stm32f7xx_hal_tim.o
                0x08005120                HAL_TIM_OC_Init
 .text.HAL_TIM_OC_MspInit
                0x080051ce       0x14 ./Drivers/STM32F7xx_HAL_Driver/Src/stm32f7xx_hal_tim.o
                0x080051ce                HAL_TIM_OC_MspInit
 .text.HAL_TIM_PWM_Init
                0x080051e2       0xae ./Drivers/STM32F7xx_HAL_Driver/Src/stm32f7xx_hal_tim.o
                0x080051e2                HAL_TIM_PWM_Init
 .text.HAL_TIM_PWM_MspInit
                0x08005290       0x14 ./Drivers/STM32F7xx_HAL_Driver/Src/stm32f7xx_hal_tim.o
                0x08005290                HAL_TIM_PWM_MspInit
 .text.HAL_TIM_IC_Init
                0x080052a4       0xae ./Drivers/STM32F7xx_HAL_Driver/Src/stm32f7xx_hal_tim.o
                0x080052a4                HAL_TIM_IC_Init
 *fill*         0x08005352        0x2 
 .text.HAL_TIM_OC_ConfigChannel
                0x08005354       0xf4 ./Drivers/STM32F7xx_HAL_Driver/Src/stm32f7xx_hal_tim.o
                0x08005354                HAL_TIM_OC_ConfigChannel
 .text.HAL_TIM_IC_ConfigChannel
                0x08005448      0x138 ./Drivers/STM32F7xx_HAL_Driver/Src/stm32f7xx_hal_tim.o
                0x08005448                HAL_TIM_IC_ConfigChannel
 .text.HAL_TIM_PWM_ConfigChannel
                0x08005580      0x228 ./Drivers/STM32F7xx_HAL_Driver/Src/stm32f7xx_hal_tim.o
                0x08005580                HAL_TIM_PWM_ConfigChannel
 .text.HAL_TIM_ConfigClockSource
                0x080057a8      0x194 ./Drivers/STM32F7xx_HAL_Driver/Src/stm32f7xx_hal_tim.o
                0x080057a8                HAL_TIM_ConfigClockSource
 .text.TIM_Base_SetConfig
                0x0800593c      0x140 ./Drivers/STM32F7xx_HAL_Driver/Src/stm32f7xx_hal_tim.o
                0x0800593c                TIM_Base_SetConfig
 .text.TIM_OC1_SetConfig
                0x08005a7c       0xe4 ./Drivers/STM32F7xx_HAL_Driver/Src/stm32f7xx_hal_tim.o
 .text.TIM_OC2_SetConfig
                0x08005b60       0xf0 ./Drivers/STM32F7xx_HAL_Driver/Src/stm32f7xx_hal_tim.o
                0x08005b60                TIM_OC2_SetConfig
 .text.TIM_OC3_SetConfig
                0x08005c50       0xec ./Drivers/STM32F7xx_HAL_Driver/Src/stm32f7xx_hal_tim.o
 .text.TIM_OC4_SetConfig
                0x08005d3c       0xb0 ./Drivers/STM32F7xx_HAL_Driver/Src/stm32f7xx_hal_tim.o
 .text.TIM_OC5_SetConfig
                0x08005dec       0xa4 ./Drivers/STM32F7xx_HAL_Driver/Src/stm32f7xx_hal_tim.o
 .text.TIM_OC6_SetConfig
                0x08005e90       0xa8 ./Drivers/STM32F7xx_HAL_Driver/Src/stm32f7xx_hal_tim.o
 .text.TIM_TI1_SetConfig
                0x08005f38       0xe8 ./Drivers/STM32F7xx_HAL_Driver/Src/stm32f7xx_hal_tim.o
                0x08005f38                TIM_TI1_SetConfig
 .text.TIM_TI1_ConfigInputStage
                0x08006020       0x5e ./Drivers/STM32F7xx_HAL_Driver/Src/stm32f7xx_hal_tim.o
 .text.TIM_TI2_SetConfig
                0x0800607e       0x7a ./Drivers/STM32F7xx_HAL_Driver/Src/stm32f7xx_hal_tim.o
 .text.TIM_TI2_ConfigInputStage
                0x080060f8       0x60 ./Drivers/STM32F7xx_HAL_Driver/Src/stm32f7xx_hal_tim.o
 .text.TIM_TI3_SetConfig
                0x08006158       0x78 ./Drivers/STM32F7xx_HAL_Driver/Src/stm32f7xx_hal_tim.o
 .text.TIM_TI4_SetConfig
                0x080061d0       0x7a ./Drivers/STM32F7xx_HAL_Driver/Src/stm32f7xx_hal_tim.o
 .text.TIM_ITRx_SetConfig
                0x0800624a       0x36 ./Drivers/STM32F7xx_HAL_Driver/Src/stm32f7xx_hal_tim.o
 .text.TIM_ETR_SetConfig
                0x08006280       0x40 ./Drivers/STM32F7xx_HAL_Driver/Src/stm32f7xx_hal_tim.o
                0x08006280                TIM_ETR_SetConfig
 .text.HAL_TIMEx_MasterConfigSynchronization
                0x080062c0      0x11c ./Drivers/STM32F7xx_HAL_Driver/Src/stm32f7xx_hal_tim_ex.o
                0x080062c0                HAL_TIMEx_MasterConfigSynchronization
 .text.HAL_TIMEx_ConfigBreakDeadTime
                0x080063dc       0xfc ./Drivers/STM32F7xx_HAL_Driver/Src/stm32f7xx_hal_tim_ex.o
                0x080063dc                HAL_TIMEx_ConfigBreakDeadTime
 .text.memset   0x080064d8       0x10 C:/ST/STM32CubeIDE_1.15.1/STM32CubeIDE/plugins/com.st.stm32cube.ide.mcu.externaltools.gnu-tools-for-stm32.12.3.rel1.win32_1.0.100.202403111256/tools/bin/../lib/gcc/arm-none-eabi/12.3.1/../../../../arm-none-eabi/lib/thumb/v7e-m+dp/hard\libc_nano.a(libc_a-memset.o)
                0x080064d8                memset
 .text.__libc_init_array
                0x080064e8       0x48 C:/ST/STM32CubeIDE_1.15.1/STM32CubeIDE/plugins/com.st.stm32cube.ide.mcu.externaltools.gnu-tools-for-stm32.12.3.rel1.win32_1.0.100.202403111256/tools/bin/../lib/gcc/arm-none-eabi/12.3.1/../../../../arm-none-eabi/lib/thumb/v7e-m+dp/hard\libc_nano.a(libc_a-init.o)
                0x080064e8                __libc_init_array
 *(.glue_7)
 .glue_7        0x08006530        0x0 linker stubs
 *(.glue_7t)
 .glue_7t       0x08006530        0x0 linker stubs
 *(.eh_frame)
 .eh_frame      0x08006530        0x0 C:/ST/STM32CubeIDE_1.15.1/STM32CubeIDE/plugins/com.st.stm32cube.ide.mcu.externaltools.gnu-tools-for-stm32.12.3.rel1.win32_1.0.100.202403111256/tools/bin/../lib/gcc/arm-none-eabi/12.3.1/thumb/v7e-m+dp/hard/crtbegin.o
 *(.init)
 .init          0x08006530        0x4 C:/ST/STM32CubeIDE_1.15.1/STM32CubeIDE/plugins/com.st.stm32cube.ide.mcu.externaltools.gnu-tools-for-stm32.12.3.rel1.win32_1.0.100.202403111256/tools/bin/../lib/gcc/arm-none-eabi/12.3.1/thumb/v7e-m+dp/hard/crti.o
                0x08006530                _init
 .init          0x08006534        0x8 C:/ST/STM32CubeIDE_1.15.1/STM32CubeIDE/plugins/com.st.stm32cube.ide.mcu.externaltools.gnu-tools-for-stm32.12.3.rel1.win32_1.0.100.202403111256/tools/bin/../lib/gcc/arm-none-eabi/12.3.1/thumb/v7e-m+dp/hard/crtn.o
 *(.fini)
 .fini          0x0800653c        0x4 C:/ST/STM32CubeIDE_1.15.1/STM32CubeIDE/plugins/com.st.stm32cube.ide.mcu.externaltools.gnu-tools-for-stm32.12.3.rel1.win32_1.0.100.202403111256/tools/bin/../lib/gcc/arm-none-eabi/12.3.1/thumb/v7e-m+dp/hard/crti.o
                0x0800653c                _fini
 .fini          0x08006540        0x8 C:/ST/STM32CubeIDE_1.15.1/STM32CubeIDE/plugins/com.st.stm32cube.ide.mcu.externaltools.gnu-tools-for-stm32.12.3.rel1.win32_1.0.100.202403111256/tools/bin/../lib/gcc/arm-none-eabi/12.3.1/thumb/v7e-m+dp/hard/crtn.o
                0x08006548                        . = ALIGN (0x4)
                0x08006548                        _etext = .

.vfp11_veneer   0x08006548        0x0
 .vfp11_veneer  0x08006548        0x0 linker stubs

.v4_bx          0x08006548        0x0
 .v4_bx         0x08006548        0x0 linker stubs

.iplt           0x08006548        0x0
 .iplt          0x08006548        0x0 C:/ST/STM32CubeIDE_1.15.1/STM32CubeIDE/plugins/com.st.stm32cube.ide.mcu.externaltools.gnu-tools-for-stm32.12.3.rel1.win32_1.0.100.202403111256/tools/bin/../lib/gcc/arm-none-eabi/12.3.1/thumb/v7e-m+dp/hard/crtbegin.o

.rodata         0x08006548       0x18
                0x08006548                        . = ALIGN (0x4)
 *(.rodata)
 *(.rodata*)
 .rodata.AHBPrescTable
                0x08006548       0x10 ./Core/Src/system_stm32f7xx.o
                0x08006548                AHBPrescTable
 .rodata.flagBitshiftOffset.0
                0x08006558        0x8 ./Drivers/STM32F7xx_HAL_Driver/Src/stm32f7xx_hal_dma.o
                0x08006560                        . = ALIGN (0x4)

.ARM.extab      0x08006560        0x0
                0x08006560                        . = ALIGN (0x4)
 *(.ARM.extab* .gnu.linkonce.armextab.*)
                0x08006560                        . = ALIGN (0x4)

.ARM            0x08006560        0x8
                0x08006560                        . = ALIGN (0x4)
                0x08006560                        __exidx_start = .
 *(.ARM.exidx*)
 .ARM.exidx     0x08006560        0x8 C:/ST/STM32CubeIDE_1.15.1/STM32CubeIDE/plugins/com.st.stm32cube.ide.mcu.externaltools.gnu-tools-for-stm32.12.3.rel1.win32_1.0.100.202403111256/tools/bin/../lib/gcc/arm-none-eabi/12.3.1/thumb/v7e-m+dp/hard\libgcc.a(_udivmoddi4.o)
                0x08006568                        __exidx_end = .
                0x08006568                        . = ALIGN (0x4)

.rel.dyn        0x08006568        0x0
 .rel.iplt      0x08006568        0x0 C:/ST/STM32CubeIDE_1.15.1/STM32CubeIDE/plugins/com.st.stm32cube.ide.mcu.externaltools.gnu-tools-for-stm32.12.3.rel1.win32_1.0.100.202403111256/tools/bin/../lib/gcc/arm-none-eabi/12.3.1/thumb/v7e-m+dp/hard/crtbegin.o

.preinit_array  0x08006568        0x0
                0x08006568                        . = ALIGN (0x4)
                0x08006568                        PROVIDE (__preinit_array_start = .)
 *(.preinit_array*)
                0x08006568                        PROVIDE (__preinit_array_end = .)
                0x08006568                        . = ALIGN (0x4)

.init_array     0x08006568        0x4
                0x08006568                        . = ALIGN (0x4)
                0x08006568                        PROVIDE (__init_array_start = .)
 *(SORT_BY_NAME(.init_array.*))
 *(.init_array*)
 .init_array    0x08006568        0x4 C:/ST/STM32CubeIDE_1.15.1/STM32CubeIDE/plugins/com.st.stm32cube.ide.mcu.externaltools.gnu-tools-for-stm32.12.3.rel1.win32_1.0.100.202403111256/tools/bin/../lib/gcc/arm-none-eabi/12.3.1/thumb/v7e-m+dp/hard/crtbegin.o
                0x0800656c                        PROVIDE (__init_array_end = .)
                0x0800656c                        . = ALIGN (0x4)

.fini_array     0x0800656c        0x4
                0x0800656c                        . = ALIGN (0x4)
                [!provide]                        PROVIDE (__fini_array_start = .)
 *(SORT_BY_NAME(.fini_array.*))
 *(.fini_array*)
 .fini_array    0x0800656c        0x4 C:/ST/STM32CubeIDE_1.15.1/STM32CubeIDE/plugins/com.st.stm32cube.ide.mcu.externaltools.gnu-tools-for-stm32.12.3.rel1.win32_1.0.100.202403111256/tools/bin/../lib/gcc/arm-none-eabi/12.3.1/thumb/v7e-m+dp/hard/crtbegin.o
                [!provide]                        PROVIDE (__fini_array_end = .)
                0x08006570                        . = ALIGN (0x4)
                0x08006570                        _sidata = LOADADDR (.data)

.data           0x20000000        0xc load address 0x08006570
                0x20000000                        . = ALIGN (0x4)
                0x20000000                        _sdata = .
 *(.data)
 *(.data*)
 .data.SystemCoreClock
                0x20000000        0x4 ./Core/Src/system_stm32f7xx.o
                0x20000000                SystemCoreClock
 .data.uwTickPrio
                0x20000004        0x4 ./Drivers/STM32F7xx_HAL_Driver/Src/stm32f7xx_hal.o
                0x20000004                uwTickPrio
 .data.uwTickFreq
                0x20000008        0x1 ./Drivers/STM32F7xx_HAL_Driver/Src/stm32f7xx_hal.o
                0x20000008                uwTickFreq
 *(.RamFunc)
 *(.RamFunc*)
                0x2000000c                        . = ALIGN (0x4)
 *fill*         0x20000009        0x3 
                0x2000000c                        _edata = .

.igot.plt       0x2000000c        0x0 load address 0x0800657c
 .igot.plt      0x2000000c        0x0 C:/ST/STM32CubeIDE_1.15.1/STM32CubeIDE/plugins/com.st.stm32cube.ide.mcu.externaltools.gnu-tools-for-stm32.12.3.rel1.win32_1.0.100.202403111256/tools/bin/../lib/gcc/arm-none-eabi/12.3.1/thumb/v7e-m+dp/hard/crtbegin.o
                0x2000000c                        . = ALIGN (0x4)

.bss            0x2000000c      0x3e8 load address 0x0800657c
                0x2000000c                        _sbss = .
                0x2000000c                        __bss_start__ = _sbss
 *(.bss)
 .bss           0x2000000c       0x1c C:/ST/STM32CubeIDE_1.15.1/STM32CubeIDE/plugins/com.st.stm32cube.ide.mcu.externaltools.gnu-tools-for-stm32.12.3.rel1.win32_1.0.100.202403111256/tools/bin/../lib/gcc/arm-none-eabi/12.3.1/thumb/v7e-m+dp/hard/crtbegin.o
 *(.bss*)
 .bss.hadc1     0x20000028       0x48 ./Core/Src/adc.o
                0x20000028                hadc1
 .bss.hadc2     0x20000070       0x48 ./Core/Src/adc.o
                0x20000070                hadc2
 .bss.hadc3     0x200000b8       0x48 ./Core/Src/adc.o
                0x200000b8                hadc3
 .bss.hdma_adc1
                0x20000100       0x60 ./Core/Src/adc.o
                0x20000100                hdma_adc1
 .bss.hdma_adc2
                0x20000160       0x60 ./Core/Src/adc.o
                0x20000160                hdma_adc2
 .bss.hdma_adc3
                0x200001c0       0x60 ./Core/Src/adc.o
                0x200001c0                hdma_adc3
 .bss.hcan1     0x20000220       0x28 ./Core/Src/can.o
                0x20000220                hcan1
 .bss.hdac      0x20000248       0x14 ./Core/Src/dac.o
                0x20000248                hdac
 .bss.hi2c1     0x2000025c       0x54 ./Core/Src/i2c.o
                0x2000025c                hi2c1
 .bss.ADC2_raw  0x200002b0       0x10 ./Core/Src/main.o
                0x200002b0                ADC2_raw
 .bss.htim1     0x200002c0       0x4c ./Core/Src/tim.o
                0x200002c0                htim1
 .bss.htim2     0x2000030c       0x4c ./Core/Src/tim.o
                0x2000030c                htim2
 .bss.htim4     0x20000358       0x4c ./Core/Src/tim.o
                0x20000358                htim4
 .bss.htim8     0x200003a4       0x4c ./Core/Src/tim.o
                0x200003a4                htim8
 .bss.uwTick    0x200003f0        0x4 ./Drivers/STM32F7xx_HAL_Driver/Src/stm32f7xx_hal.o
                0x200003f0                uwTick
 *(COMMON)
                0x200003f4                        . = ALIGN (0x4)
                0x200003f4                        _ebss = .
                0x200003f4                        __bss_end__ = _ebss

._user_heap_stack
                0x200003f4      0x604 load address 0x0800657c
                0x200003f8                        . = ALIGN (0x8)
 *fill*         0x200003f4        0x4 
                [!provide]                        PROVIDE (end = .)
                0x200003f8                        PROVIDE (_end = .)
                0x200005f8                        . = (. + _Min_Heap_Size)
 *fill*         0x200003f8      0x200 
                0x200009f8                        . = (. + _Min_Stack_Size)
 *fill*         0x200005f8      0x400 
                0x200009f8                        . = ALIGN (0x8)

/DISCARD/
 libc.a(*)
 libm.a(*)
 libgcc.a(*)

.ARM.attributes
                0x00000000       0x2e
 *(.ARM.attributes)
 .ARM.attributes
                0x00000000       0x20 C:/ST/STM32CubeIDE_1.15.1/STM32CubeIDE/plugins/com.st.stm32cube.ide.mcu.externaltools.gnu-tools-for-stm32.12.3.rel1.win32_1.0.100.202403111256/tools/bin/../lib/gcc/arm-none-eabi/12.3.1/thumb/v7e-m+dp/hard/crti.o
 .ARM.attributes
                0x00000020       0x32 C:/ST/STM32CubeIDE_1.15.1/STM32CubeIDE/plugins/com.st.stm32cube.ide.mcu.externaltools.gnu-tools-for-stm32.12.3.rel1.win32_1.0.100.202403111256/tools/bin/../lib/gcc/arm-none-eabi/12.3.1/thumb/v7e-m+dp/hard/crtbegin.o
 .ARM.attributes
                0x00000052       0x32 ./Core/Src/adc.o
 .ARM.attributes
                0x00000084       0x32 ./Core/Src/can.o
 .ARM.attributes
                0x000000b6       0x32 ./Core/Src/dac.o
 .ARM.attributes
                0x000000e8       0x32 ./Core/Src/dma.o
 .ARM.attributes
                0x0000011a       0x32 ./Core/Src/gpio.o
 .ARM.attributes
                0x0000014c       0x32 ./Core/Src/i2c.o
 .ARM.attributes
                0x0000017e       0x32 ./Core/Src/main.o
 .ARM.attributes
                0x000001b0       0x32 ./Core/Src/stm32f7xx_hal_msp.o
 .ARM.attributes
                0x000001e2       0x32 ./Core/Src/stm32f7xx_it.o
 .ARM.attributes
                0x00000214       0x32 ./Core/Src/system_stm32f7xx.o
 .ARM.attributes
                0x00000246       0x32 ./Core/Src/tim.o
 .ARM.attributes
                0x00000278       0x32 ./Core/Src/usb_otg.o
 .ARM.attributes
                0x000002aa       0x21 ./Core/Startup/startup_stm32f777vitx.o
 .ARM.attributes
                0x000002cb       0x32 ./Drivers/STM32F7xx_HAL_Driver/Src/stm32f7xx_hal.o
 .ARM.attributes
                0x000002fd       0x32 ./Drivers/STM32F7xx_HAL_Driver/Src/stm32f7xx_hal_adc.o
 .ARM.attributes
                0x0000032f       0x32 ./Drivers/STM32F7xx_HAL_Driver/Src/stm32f7xx_hal_adc_ex.o
 .ARM.attributes
                0x00000361       0x32 ./Drivers/STM32F7xx_HAL_Driver/Src/stm32f7xx_hal_can.o
 .ARM.attributes
                0x00000393       0x32 ./Drivers/STM32F7xx_HAL_Driver/Src/stm32f7xx_hal_cortex.o
 .ARM.attributes
                0x000003c5       0x32 ./Drivers/STM32F7xx_HAL_Driver/Src/stm32f7xx_hal_dac.o
 .ARM.attributes
                0x000003f7       0x32 ./Drivers/STM32F7xx_HAL_Driver/Src/stm32f7xx_hal_dac_ex.o
 .ARM.attributes
                0x00000429       0x32 ./Drivers/STM32F7xx_HAL_Driver/Src/stm32f7xx_hal_dma.o
 .ARM.attributes
                0x0000045b       0x32 ./Drivers/STM32F7xx_HAL_Driver/Src/stm32f7xx_hal_gpio.o
 .ARM.attributes
                0x0000048d       0x32 ./Drivers/STM32F7xx_HAL_Driver/Src/stm32f7xx_hal_i2c.o
 .ARM.attributes
                0x000004bf       0x32 ./Drivers/STM32F7xx_HAL_Driver/Src/stm32f7xx_hal_i2c_ex.o
 .ARM.attributes
                0x000004f1       0x32 ./Drivers/STM32F7xx_HAL_Driver/Src/stm32f7xx_hal_pwr_ex.o
 .ARM.attributes
                0x00000523       0x32 ./Drivers/STM32F7xx_HAL_Driver/Src/stm32f7xx_hal_rcc.o
 .ARM.attributes
                0x00000555       0x32 ./Drivers/STM32F7xx_HAL_Driver/Src/stm32f7xx_hal_rcc_ex.o
 .ARM.attributes
                0x00000587       0x32 ./Drivers/STM32F7xx_HAL_Driver/Src/stm32f7xx_hal_tim.o
 .ARM.attributes
                0x000005b9       0x32 ./Drivers/STM32F7xx_HAL_Driver/Src/stm32f7xx_hal_tim_ex.o
 .ARM.attributes
                0x000005eb       0x32 C:/ST/STM32CubeIDE_1.15.1/STM32CubeIDE/plugins/com.st.stm32cube.ide.mcu.externaltools.gnu-tools-for-stm32.12.3.rel1.win32_1.0.100.202403111256/tools/bin/../lib/gcc/arm-none-eabi/12.3.1/../../../../arm-none-eabi/lib/thumb/v7e-m+dp/hard\libc_nano.a(libc_a-memset.o)
 .ARM.attributes
                0x0000061d       0x32 C:/ST/STM32CubeIDE_1.15.1/STM32CubeIDE/plugins/com.st.stm32cube.ide.mcu.externaltools.gnu-tools-for-stm32.12.3.rel1.win32_1.0.100.202403111256/tools/bin/../lib/gcc/arm-none-eabi/12.3.1/../../../../arm-none-eabi/lib/thumb/v7e-m+dp/hard\libc_nano.a(libc_a-init.o)
 .ARM.attributes
                0x0000064f       0x20 C:/ST/STM32CubeIDE_1.15.1/STM32CubeIDE/plugins/com.st.stm32cube.ide.mcu.externaltools.gnu-tools-for-stm32.12.3.rel1.win32_1.0.100.202403111256/tools/bin/../lib/gcc/arm-none-eabi/12.3.1/thumb/v7e-m+dp/hard\libgcc.a(_aeabi_uldivmod.o)
 .ARM.attributes
                0x0000066f       0x32 C:/ST/STM32CubeIDE_1.15.1/STM32CubeIDE/plugins/com.st.stm32cube.ide.mcu.externaltools.gnu-tools-for-stm32.12.3.rel1.win32_1.0.100.202403111256/tools/bin/../lib/gcc/arm-none-eabi/12.3.1/thumb/v7e-m+dp/hard\libgcc.a(_udivmoddi4.o)
 .ARM.attributes
                0x000006a1       0x20 C:/ST/STM32CubeIDE_1.15.1/STM32CubeIDE/plugins/com.st.stm32cube.ide.mcu.externaltools.gnu-tools-for-stm32.12.3.rel1.win32_1.0.100.202403111256/tools/bin/../lib/gcc/arm-none-eabi/12.3.1/thumb/v7e-m+dp/hard\libgcc.a(_dvmd_tls.o)
 .ARM.attributes
                0x000006c1       0x20 C:/ST/STM32CubeIDE_1.15.1/STM32CubeIDE/plugins/com.st.stm32cube.ide.mcu.externaltools.gnu-tools-for-stm32.12.3.rel1.win32_1.0.100.202403111256/tools/bin/../lib/gcc/arm-none-eabi/12.3.1/thumb/v7e-m+dp/hard/crtn.o
OUTPUT(Inverter.elf elf32-littlearm)
LOAD linker stubs
LOAD C:/ST/STM32CubeIDE_1.15.1/STM32CubeIDE/plugins/com.st.stm32cube.ide.mcu.externaltools.gnu-tools-for-stm32.12.3.rel1.win32_1.0.100.202403111256/tools/bin/../lib/gcc/arm-none-eabi/12.3.1/../../../../arm-none-eabi/lib/thumb/v7e-m+dp/hard\libc.a
LOAD C:/ST/STM32CubeIDE_1.15.1/STM32CubeIDE/plugins/com.st.stm32cube.ide.mcu.externaltools.gnu-tools-for-stm32.12.3.rel1.win32_1.0.100.202403111256/tools/bin/../lib/gcc/arm-none-eabi/12.3.1/../../../../arm-none-eabi/lib/thumb/v7e-m+dp/hard\libm.a
LOAD C:/ST/STM32CubeIDE_1.15.1/STM32CubeIDE/plugins/com.st.stm32cube.ide.mcu.externaltools.gnu-tools-for-stm32.12.3.rel1.win32_1.0.100.202403111256/tools/bin/../lib/gcc/arm-none-eabi/12.3.1/thumb/v7e-m+dp/hard\libgcc.a

.debug_info     0x00000000    0x15877
 .debug_info    0x00000000      0xe1e ./Core/Src/adc.o
 .debug_info    0x00000e1e      0xb8c ./Core/Src/can.o
 .debug_info    0x000019aa      0xbb8 ./Core/Src/dac.o
 .debug_info    0x00002562      0x579 ./Core/Src/dma.o
 .debug_info    0x00002adb      0x47d ./Core/Src/gpio.o
 .debug_info    0x00002f58      0xc56 ./Core/Src/i2c.o
 .debug_info    0x00003bae      0xf86 ./Core/Src/main.o
 .debug_info    0x00004b34      0x28d ./Core/Src/stm32f7xx_hal_msp.o
 .debug_info    0x00004dc1      0xcf7 ./Core/Src/stm32f7xx_it.o
 .debug_info    0x00005ab8      0x6ed ./Core/Src/system_stm32f7xx.o
 .debug_info    0x000061a5     0x1086 ./Core/Src/tim.o
 .debug_info    0x0000722b       0x8a ./Core/Src/usb_otg.o
 .debug_info    0x000072b5       0x30 ./Core/Startup/startup_stm32f777vitx.o
 .debug_info    0x000072e5      0xa52 ./Drivers/STM32F7xx_HAL_Driver/Src/stm32f7xx_hal.o
 .debug_info    0x00007d37      0xc83 ./Drivers/STM32F7xx_HAL_Driver/Src/stm32f7xx_hal_adc.o
 .debug_info    0x000089ba      0xaed ./Drivers/STM32F7xx_HAL_Driver/Src/stm32f7xx_hal_adc_ex.o
 .debug_info    0x000094a7      0xf20 ./Drivers/STM32F7xx_HAL_Driver/Src/stm32f7xx_hal_can.o
 .debug_info    0x0000a3c7      0xf91 ./Drivers/STM32F7xx_HAL_Driver/Src/stm32f7xx_hal_cortex.o
 .debug_info    0x0000b358      0x9c0 ./Drivers/STM32F7xx_HAL_Driver/Src/stm32f7xx_hal_dac.o
 .debug_info    0x0000bd18      0x746 ./Drivers/STM32F7xx_HAL_Driver/Src/stm32f7xx_hal_dac_ex.o
 .debug_info    0x0000c45e      0x8e7 ./Drivers/STM32F7xx_HAL_Driver/Src/stm32f7xx_hal_dma.o
 .debug_info    0x0000cd45      0x6f3 ./Drivers/STM32F7xx_HAL_Driver/Src/stm32f7xx_hal_gpio.o
 .debug_info    0x0000d438     0x20b3 ./Drivers/STM32F7xx_HAL_Driver/Src/stm32f7xx_hal_i2c.o
 .debug_info    0x0000f4eb      0x93a ./Drivers/STM32F7xx_HAL_Driver/Src/stm32f7xx_hal_i2c_ex.o
 .debug_info    0x0000fe25      0x8cd ./Drivers/STM32F7xx_HAL_Driver/Src/stm32f7xx_hal_pwr_ex.o
 .debug_info    0x000106f2      0x937 ./Drivers/STM32F7xx_HAL_Driver/Src/stm32f7xx_hal_rcc.o
 .debug_info    0x00011029      0x6e1 ./Drivers/STM32F7xx_HAL_Driver/Src/stm32f7xx_hal_rcc_ex.o
 .debug_info    0x0001170a     0x2ab2 ./Drivers/STM32F7xx_HAL_Driver/Src/stm32f7xx_hal_tim.o
 .debug_info    0x000141bc     0x16bb ./Drivers/STM32F7xx_HAL_Driver/Src/stm32f7xx_hal_tim_ex.o

.debug_abbrev   0x00000000     0x381b
 .debug_abbrev  0x00000000      0x268 ./Core/Src/adc.o
 .debug_abbrev  0x00000268      0x231 ./Core/Src/can.o
 .debug_abbrev  0x00000499      0x212 ./Core/Src/dac.o
 .debug_abbrev  0x000006ab      0x10e ./Core/Src/dma.o
 .debug_abbrev  0x000007b9      0x152 ./Core/Src/gpio.o
 .debug_abbrev  0x0000090b      0x217 ./Core/Src/i2c.o
 .debug_abbrev  0x00000b22      0x25d ./Core/Src/main.o
 .debug_abbrev  0x00000d7f       0xd8 ./Core/Src/stm32f7xx_hal_msp.o
 .debug_abbrev  0x00000e57      0x1f6 ./Core/Src/stm32f7xx_it.o
 .debug_abbrev  0x0000104d      0x13b ./Core/Src/system_stm32f7xx.o
 .debug_abbrev  0x00001188      0x25b ./Core/Src/tim.o
 .debug_abbrev  0x000013e3       0x45 ./Core/Src/usb_otg.o
 .debug_abbrev  0x00001428       0x24 ./Core/Startup/startup_stm32f777vitx.o
 .debug_abbrev  0x0000144c      0x213 ./Drivers/STM32F7xx_HAL_Driver/Src/stm32f7xx_hal.o
 .debug_abbrev  0x0000165f      0x252 ./Drivers/STM32F7xx_HAL_Driver/Src/stm32f7xx_hal_adc.o
 .debug_abbrev  0x000018b1      0x270 ./Drivers/STM32F7xx_HAL_Driver/Src/stm32f7xx_hal_adc_ex.o
 .debug_abbrev  0x00001b21      0x252 ./Drivers/STM32F7xx_HAL_Driver/Src/stm32f7xx_hal_can.o
 .debug_abbrev  0x00001d73      0x329 ./Drivers/STM32F7xx_HAL_Driver/Src/stm32f7xx_hal_cortex.o
 .debug_abbrev  0x0000209c      0x1f3 ./Drivers/STM32F7xx_HAL_Driver/Src/stm32f7xx_hal_dac.o
 .debug_abbrev  0x0000228f      0x1e8 ./Drivers/STM32F7xx_HAL_Driver/Src/stm32f7xx_hal_dac_ex.o
 .debug_abbrev  0x00002477      0x264 ./Drivers/STM32F7xx_HAL_Driver/Src/stm32f7xx_hal_dma.o
 .debug_abbrev  0x000026db      0x1d4 ./Drivers/STM32F7xx_HAL_Driver/Src/stm32f7xx_hal_gpio.o
 .debug_abbrev  0x000028af      0x259 ./Drivers/STM32F7xx_HAL_Driver/Src/stm32f7xx_hal_i2c.o
 .debug_abbrev  0x00002b08      0x19c ./Drivers/STM32F7xx_HAL_Driver/Src/stm32f7xx_hal_i2c_ex.o
 .debug_abbrev  0x00002ca4      0x1d5 ./Drivers/STM32F7xx_HAL_Driver/Src/stm32f7xx_hal_pwr_ex.o
 .debug_abbrev  0x00002e79      0x2de ./Drivers/STM32F7xx_HAL_Driver/Src/stm32f7xx_hal_rcc.o
 .debug_abbrev  0x00003157      0x1c9 ./Drivers/STM32F7xx_HAL_Driver/Src/stm32f7xx_hal_rcc_ex.o
 .debug_abbrev  0x00003320      0x278 ./Drivers/STM32F7xx_HAL_Driver/Src/stm32f7xx_hal_tim.o
 .debug_abbrev  0x00003598      0x283 ./Drivers/STM32F7xx_HAL_Driver/Src/stm32f7xx_hal_tim_ex.o

.debug_aranges  0x00000000     0x1358
 .debug_aranges
                0x00000000       0x40 ./Core/Src/adc.o
 .debug_aranges
                0x00000040       0x30 ./Core/Src/can.o
 .debug_aranges
                0x00000070       0x30 ./Core/Src/dac.o
 .debug_aranges
                0x000000a0       0x20 ./Core/Src/dma.o
 .debug_aranges
                0x000000c0       0x20 ./Core/Src/gpio.o
 .debug_aranges
                0x000000e0       0x30 ./Core/Src/i2c.o
 .debug_aranges
                0x00000110       0x30 ./Core/Src/main.o
 .debug_aranges
                0x00000140       0x20 ./Core/Src/stm32f7xx_hal_msp.o
 .debug_aranges
                0x00000160       0x98 ./Core/Src/stm32f7xx_it.o
 .debug_aranges
                0x000001f8       0x28 ./Core/Src/system_stm32f7xx.o
 .debug_aranges
                0x00000220       0x60 ./Core/Src/tim.o
 .debug_aranges
                0x00000280       0x20 ./Core/Src/usb_otg.o
 .debug_aranges
                0x000002a0       0x28 ./Core/Startup/startup_stm32f777vitx.o
 .debug_aranges
                0x000002c8      0x110 ./Drivers/STM32F7xx_HAL_Driver/Src/stm32f7xx_hal.o
 .debug_aranges
                0x000003d8       0xe8 ./Drivers/STM32F7xx_HAL_Driver/Src/stm32f7xx_hal_adc.o
 .debug_aranges
                0x000004c0       0x90 ./Drivers/STM32F7xx_HAL_Driver/Src/stm32f7xx_hal_adc_ex.o
 .debug_aranges
                0x00000550      0x138 ./Drivers/STM32F7xx_HAL_Driver/Src/stm32f7xx_hal_can.o
 .debug_aranges
                0x00000688      0x118 ./Drivers/STM32F7xx_HAL_Driver/Src/stm32f7xx_hal_cortex.o
 .debug_aranges
                0x000007a0       0xc0 ./Drivers/STM32F7xx_HAL_Driver/Src/stm32f7xx_hal_dac.o
 .debug_aranges
                0x00000860       0x80 ./Drivers/STM32F7xx_HAL_Driver/Src/stm32f7xx_hal_dac_ex.o
 .debug_aranges
                0x000008e0       0x90 ./Drivers/STM32F7xx_HAL_Driver/Src/stm32f7xx_hal_dma.o
 .debug_aranges
                0x00000970       0x58 ./Drivers/STM32F7xx_HAL_Driver/Src/stm32f7xx_hal_gpio.o
 .debug_aranges
                0x000009c8      0x2a0 ./Drivers/STM32F7xx_HAL_Driver/Src/stm32f7xx_hal_i2c.o
 .debug_aranges
                0x00000c68       0x38 ./Drivers/STM32F7xx_HAL_Driver/Src/stm32f7xx_hal_i2c_ex.o
 .debug_aranges
                0x00000ca0       0x80 ./Drivers/STM32F7xx_HAL_Driver/Src/stm32f7xx_hal_pwr_ex.o
 .debug_aranges
                0x00000d20       0x88 ./Drivers/STM32F7xx_HAL_Driver/Src/stm32f7xx_hal_rcc.o
 .debug_aranges
                0x00000da8       0x50 ./Drivers/STM32F7xx_HAL_Driver/Src/stm32f7xx_hal_rcc_ex.o
 .debug_aranges
                0x00000df8      0x3e0 ./Drivers/STM32F7xx_HAL_Driver/Src/stm32f7xx_hal_tim.o
 .debug_aranges
                0x000011d8      0x180 ./Drivers/STM32F7xx_HAL_Driver/Src/stm32f7xx_hal_tim_ex.o

.debug_rnglists
                0x00000000      0xedc
 .debug_rnglists
                0x00000000       0x30 ./Core/Src/adc.o
 .debug_rnglists
                0x00000030       0x20 ./Core/Src/can.o
 .debug_rnglists
                0x00000050       0x20 ./Core/Src/dac.o
 .debug_rnglists
                0x00000070       0x13 ./Core/Src/dma.o
 .debug_rnglists
                0x00000083       0x14 ./Core/Src/gpio.o
 .debug_rnglists
                0x00000097       0x21 ./Core/Src/i2c.o
 .debug_rnglists
                0x000000b8       0x21 ./Core/Src/main.o
 .debug_rnglists
                0x000000d9       0x13 ./Core/Src/stm32f7xx_hal_msp.o
 .debug_rnglists
                0x000000ec       0x6d ./Core/Src/stm32f7xx_it.o
 .debug_rnglists
                0x00000159       0x1a ./Core/Src/system_stm32f7xx.o
 .debug_rnglists
                0x00000173       0x49 ./Core/Src/tim.o
 .debug_rnglists
                0x000001bc       0x13 ./Core/Src/usb_otg.o
 .debug_rnglists
                0x000001cf       0x19 ./Core/Startup/startup_stm32f777vitx.o
 .debug_rnglists
                0x000001e8       0xc7 ./Drivers/STM32F7xx_HAL_Driver/Src/stm32f7xx_hal.o
 .debug_rnglists
                0x000002af       0xb5 ./Drivers/STM32F7xx_HAL_Driver/Src/stm32f7xx_hal_adc.o
 .debug_rnglists
                0x00000364       0x71 ./Drivers/STM32F7xx_HAL_Driver/Src/stm32f7xx_hal_adc_ex.o
 .debug_rnglists
                0x000003d5       0xee ./Drivers/STM32F7xx_HAL_Driver/Src/stm32f7xx_hal_can.o
 .debug_rnglists
                0x000004c3       0xce ./Drivers/STM32F7xx_HAL_Driver/Src/stm32f7xx_hal_cortex.o
 .debug_rnglists
                0x00000591       0x90 ./Drivers/STM32F7xx_HAL_Driver/Src/stm32f7xx_hal_dac.o
 .debug_rnglists
                0x00000621       0x5c ./Drivers/STM32F7xx_HAL_Driver/Src/stm32f7xx_hal_dac_ex.o
 .debug_rnglists
                0x0000067d       0x70 ./Drivers/STM32F7xx_HAL_Driver/Src/stm32f7xx_hal_dma.o
 .debug_rnglists
                0x000006ed       0x3f ./Drivers/STM32F7xx_HAL_Driver/Src/stm32f7xx_hal_gpio.o
 .debug_rnglists
                0x0000072c      0x227 ./Drivers/STM32F7xx_HAL_Driver/Src/stm32f7xx_hal_i2c.o
 .debug_rnglists
                0x00000953       0x27 ./Drivers/STM32F7xx_HAL_Driver/Src/stm32f7xx_hal_i2c_ex.o
 .debug_rnglists
                0x0000097a       0x5f ./Drivers/STM32F7xx_HAL_Driver/Src/stm32f7xx_hal_pwr_ex.o
 .debug_rnglists
                0x000009d9       0x67 ./Drivers/STM32F7xx_HAL_Driver/Src/stm32f7xx_hal_rcc.o
 .debug_rnglists
                0x00000a40       0x3c ./Drivers/STM32F7xx_HAL_Driver/Src/stm32f7xx_hal_rcc_ex.o
 .debug_rnglists
                0x00000a7c      0x328 ./Drivers/STM32F7xx_HAL_Driver/Src/stm32f7xx_hal_tim.o
 .debug_rnglists
                0x00000da4      0x138 ./Drivers/STM32F7xx_HAL_Driver/Src/stm32f7xx_hal_tim_ex.o

.debug_macro    0x00000000    0x28ea3
 .debug_macro   0x00000000      0x21f ./Core/Src/adc.o
 .debug_macro   0x0000021f      0x29f ./Core/Src/adc.o
 .debug_macro   0x000004be       0x2e ./Core/Src/adc.o
 .debug_macro   0x000004ec       0x3b ./Core/Src/adc.o
 .debug_macro   0x00000527       0x1c ./Core/Src/adc.o
 .debug_macro   0x00000543       0x22 ./Core/Src/adc.o
 .debug_macro   0x00000565       0xd9 ./Core/Src/adc.o
 .debug_macro   0x0000063e     0x12cd ./Core/Src/adc.o
 .debug_macro   0x0000190b      0x11f ./Core/Src/adc.o
 .debug_macro   0x00001a2a       0x19 ./Core/Src/adc.o
 .debug_macro   0x00001a43    0x1b041 ./Core/Src/adc.o
 .debug_macro   0x0001ca84       0x6d ./Core/Src/adc.o
 .debug_macro   0x0001caf1     0x3749 ./Core/Src/adc.o
 .debug_macro   0x0002023a       0x63 ./Core/Src/adc.o
 .debug_macro   0x0002029d     0x1b69 ./Core/Src/adc.o
 .debug_macro   0x00021e06      0x6c4 ./Core/Src/adc.o
 .debug_macro   0x000224ca      0x18b ./Core/Src/adc.o
 .debug_macro   0x00022655      0x115 ./Core/Src/adc.o
 .debug_macro   0x0002276a      0x26e ./Core/Src/adc.o
 .debug_macro   0x000229d8       0xa5 ./Core/Src/adc.o
 .debug_macro   0x00022a7d      0x24f ./Core/Src/adc.o
 .debug_macro   0x00022ccc       0x71 ./Core/Src/adc.o
 .debug_macro   0x00022d3d       0x58 ./Core/Src/adc.o
 .debug_macro   0x00022d95      0x236 ./Core/Src/adc.o
 .debug_macro   0x00022fcb      0x416 ./Core/Src/adc.o
 .debug_macro   0x000233e1      0x153 ./Core/Src/adc.o
 .debug_macro   0x00023534      0x107 ./Core/Src/adc.o
 .debug_macro   0x0002363b      0x40f ./Core/Src/adc.o
 .debug_macro   0x00023a4a      0x122 ./Core/Src/adc.o
 .debug_macro   0x00023b6c       0xa6 ./Core/Src/adc.o
 .debug_macro   0x00023c12      0x14e ./Core/Src/adc.o
 .debug_macro   0x00023d60      0x3db ./Core/Src/adc.o
 .debug_macro   0x0002413b       0x12 ./Core/Src/adc.o
 .debug_macro   0x0002414d      0x22c ./Core/Src/adc.o
 .debug_macro   0x00024379       0x61 ./Core/Src/adc.o
 .debug_macro   0x000243da       0xa5 ./Core/Src/adc.o
 .debug_macro   0x0002447f      0x12e ./Core/Src/adc.o
 .debug_macro   0x000245ad      0x108 ./Core/Src/adc.o
 .debug_macro   0x000246b5       0x35 ./Core/Src/adc.o
 .debug_macro   0x000246ea      0xa8a ./Core/Src/adc.o
 .debug_macro   0x00025174       0xa9 ./Core/Src/adc.o
 .debug_macro   0x0002521d      0x15b ./Core/Src/adc.o
 .debug_macro   0x00025378      0x20c ./Core/Src/adc.o
 .debug_macro   0x00025584      0x21f ./Core/Src/can.o
 .debug_macro   0x000257a3      0x21f ./Core/Src/dac.o
 .debug_macro   0x000259c2      0x21f ./Core/Src/dma.o
 .debug_macro   0x00025be1      0x21f ./Core/Src/gpio.o
 .debug_macro   0x00025e00      0x21f ./Core/Src/i2c.o
 .debug_macro   0x0002601f      0x269 ./Core/Src/main.o
 .debug_macro   0x00026288      0x215 ./Core/Src/stm32f7xx_hal_msp.o
 .debug_macro   0x0002649d      0x21f ./Core/Src/stm32f7xx_it.o
 .debug_macro   0x000266bc      0x206 ./Core/Src/system_stm32f7xx.o
 .debug_macro   0x000268c2      0x21f ./Core/Src/tim.o
 .debug_macro   0x00026ae1      0x21f ./Core/Src/usb_otg.o
 .debug_macro   0x00026d00      0x22a ./Drivers/STM32F7xx_HAL_Driver/Src/stm32f7xx_hal.o
 .debug_macro   0x00026f2a      0x207 ./Drivers/STM32F7xx_HAL_Driver/Src/stm32f7xx_hal_adc.o
 .debug_macro   0x00027131      0x206 ./Drivers/STM32F7xx_HAL_Driver/Src/stm32f7xx_hal_adc_ex.o
 .debug_macro   0x00027337      0x20e ./Drivers/STM32F7xx_HAL_Driver/Src/stm32f7xx_hal_can.o
 .debug_macro   0x00027545      0x206 ./Drivers/STM32F7xx_HAL_Driver/Src/stm32f7xx_hal_cortex.o
 .debug_macro   0x0002774b      0x207 ./Drivers/STM32F7xx_HAL_Driver/Src/stm32f7xx_hal_dac.o
 .debug_macro   0x00027952      0x206 ./Drivers/STM32F7xx_HAL_Driver/Src/stm32f7xx_hal_dac_ex.o
 .debug_macro   0x00027b58      0x20c ./Drivers/STM32F7xx_HAL_Driver/Src/stm32f7xx_hal_dma.o
 .debug_macro   0x00027d64      0x20c ./Drivers/STM32F7xx_HAL_Driver/Src/stm32f7xx_hal_gpio.o
 .debug_macro   0x00027f70      0x2d2 ./Drivers/STM32F7xx_HAL_Driver/Src/stm32f7xx_hal_i2c.o
 .debug_macro   0x00028242      0x206 ./Drivers/STM32F7xx_HAL_Driver/Src/stm32f7xx_hal_i2c_ex.o
 .debug_macro   0x00028448      0x21e ./Drivers/STM32F7xx_HAL_Driver/Src/stm32f7xx_hal_pwr_ex.o
 .debug_macro   0x00028666      0x22a ./Drivers/STM32F7xx_HAL_Driver/Src/stm32f7xx_hal_rcc.o
 .debug_macro   0x00028890      0x206 ./Drivers/STM32F7xx_HAL_Driver/Src/stm32f7xx_hal_rcc_ex.o
 .debug_macro   0x00028a96      0x207 ./Drivers/STM32F7xx_HAL_Driver/Src/stm32f7xx_hal_tim.o
 .debug_macro   0x00028c9d      0x206 ./Drivers/STM32F7xx_HAL_Driver/Src/stm32f7xx_hal_tim_ex.o

.debug_line     0x00000000    0x1ac20
 .debug_line    0x00000000      0xa1d ./Core/Src/adc.o
 .debug_line    0x00000a1d      0x833 ./Core/Src/can.o
 .debug_line    0x00001250      0x81e ./Core/Src/dac.o
 .debug_line    0x00001a6e      0x7bf ./Core/Src/dma.o
 .debug_line    0x0000222d      0x82b ./Core/Src/gpio.o
 .debug_line    0x00002a58      0x850 ./Core/Src/i2c.o
 .debug_line    0x000032a8      0x8a7 ./Core/Src/main.o
 .debug_line    0x00003b4f      0x7bf ./Core/Src/stm32f7xx_hal_msp.o
 .debug_line    0x0000430e      0x92d ./Core/Src/stm32f7xx_it.o
 .debug_line    0x00004c3b      0x842 ./Core/Src/system_stm32f7xx.o
 .debug_line    0x0000547d      0xb69 ./Core/Src/tim.o
 .debug_line    0x00005fe6      0x7be ./Core/Src/usb_otg.o
 .debug_line    0x000067a4       0x7a ./Core/Startup/startup_stm32f777vitx.o
 .debug_line    0x0000681e      0xb12 ./Drivers/STM32F7xx_HAL_Driver/Src/stm32f7xx_hal.o
 .debug_line    0x00007330     0x131a ./Drivers/STM32F7xx_HAL_Driver/Src/stm32f7xx_hal_adc.o
 .debug_line    0x0000864a      0xf81 ./Drivers/STM32F7xx_HAL_Driver/Src/stm32f7xx_hal_adc_ex.o
 .debug_line    0x000095cb     0x1255 ./Drivers/STM32F7xx_HAL_Driver/Src/stm32f7xx_hal_can.o
 .debug_line    0x0000a820      0xd5a ./Drivers/STM32F7xx_HAL_Driver/Src/stm32f7xx_hal_cortex.o
 .debug_line    0x0000b57a      0xbf8 ./Drivers/STM32F7xx_HAL_Driver/Src/stm32f7xx_hal_dac.o
 .debug_line    0x0000c172      0x9ea ./Drivers/STM32F7xx_HAL_Driver/Src/stm32f7xx_hal_dac_ex.o
 .debug_line    0x0000cb5c     0x1031 ./Drivers/STM32F7xx_HAL_Driver/Src/stm32f7xx_hal_dma.o
 .debug_line    0x0000db8d      0xc62 ./Drivers/STM32F7xx_HAL_Driver/Src/stm32f7xx_hal_gpio.o
 .debug_line    0x0000e7ef     0x3847 ./Drivers/STM32F7xx_HAL_Driver/Src/stm32f7xx_hal_i2c.o
 .debug_line    0x00012036      0x8fb ./Drivers/STM32F7xx_HAL_Driver/Src/stm32f7xx_hal_i2c_ex.o
 .debug_line    0x00012931      0xa66 ./Drivers/STM32F7xx_HAL_Driver/Src/stm32f7xx_hal_pwr_ex.o
 .debug_line    0x00013397      0xf40 ./Drivers/STM32F7xx_HAL_Driver/Src/stm32f7xx_hal_rcc.o
 .debug_line    0x000142d7      0xf19 ./Drivers/STM32F7xx_HAL_Driver/Src/stm32f7xx_hal_rcc_ex.o
 .debug_line    0x000151f0     0x3d79 ./Drivers/STM32F7xx_HAL_Driver/Src/stm32f7xx_hal_tim.o
 .debug_line    0x00018f69     0x1cb7 ./Drivers/STM32F7xx_HAL_Driver/Src/stm32f7xx_hal_tim_ex.o

.debug_str      0x00000000    0xffe37
 .debug_str     0x00000000    0xfa9a9 ./Core/Src/adc.o
                              0xfb12f (size before relaxing)
 .debug_str     0x000fa9a9      0x282 ./Core/Src/can.o
                              0xfaf33 (size before relaxing)
 .debug_str     0x000fac2b      0x1b8 ./Core/Src/dac.o
                              0xfb066 (size before relaxing)
 .debug_str     0x000fade3       0x29 ./Core/Src/dma.o
                              0xfab8f (size before relaxing)
 .debug_str     0x000fae0c       0x68 ./Core/Src/gpio.o
                              0xfa5ef (size before relaxing)
 .debug_str     0x000fae74      0x559 ./Core/Src/i2c.o
                              0xfae4f (size before relaxing)
 .debug_str     0x000fb3cd      0x4db ./Core/Src/main.o
                              0xfafa5 (size before relaxing)
 .debug_str     0x000fb8a8       0x2c ./Core/Src/stm32f7xx_hal_msp.o
                              0xfa512 (size before relaxing)
 .debug_str     0x000fb8d4      0x199 ./Core/Src/stm32f7xx_it.o
                              0xfad5c (size before relaxing)
 .debug_str     0x000fba6d      0x1a4 ./Core/Src/system_stm32f7xx.o
                              0xf9f57 (size before relaxing)
 .debug_str     0x000fbc11      0x38c ./Core/Src/tim.o
                              0xfaf50 (size before relaxing)
 .debug_str     0x000fbf9d       0x16 ./Core/Src/usb_otg.o
                              0xfa3ee (size before relaxing)
 .debug_str     0x000fbfb3       0x44 ./Core/Startup/startup_stm32f777vitx.o
                                 0x76 (size before relaxing)
 .debug_str     0x000fbff7      0x447 ./Drivers/STM32F7xx_HAL_Driver/Src/stm32f7xx_hal.o
                              0xfa9a6 (size before relaxing)
 .debug_str     0x000fc43e      0x29d ./Drivers/STM32F7xx_HAL_Driver/Src/stm32f7xx_hal_adc.o
                              0xfa450 (size before relaxing)
 .debug_str     0x000fc6db      0x2df ./Drivers/STM32F7xx_HAL_Driver/Src/stm32f7xx_hal_adc_ex.o
                              0xfa4a4 (size before relaxing)
 .debug_str     0x000fc9ba      0x560 ./Drivers/STM32F7xx_HAL_Driver/Src/stm32f7xx_hal_can.o
                              0xfa55d (size before relaxing)
 .debug_str     0x000fcf1a      0x31c ./Drivers/STM32F7xx_HAL_Driver/Src/stm32f7xx_hal_cortex.o
                              0xfa956 (size before relaxing)
 .debug_str     0x000fd236      0x1e2 ./Drivers/STM32F7xx_HAL_Driver/Src/stm32f7xx_hal_dac.o
                              0xfa2e3 (size before relaxing)
 .debug_str     0x000fd418      0x140 ./Drivers/STM32F7xx_HAL_Driver/Src/stm32f7xx_hal_dac_ex.o
                              0xfa1ce (size before relaxing)
 .debug_str     0x000fd558      0x2d2 ./Drivers/STM32F7xx_HAL_Driver/Src/stm32f7xx_hal_dma.o
                              0xfa296 (size before relaxing)
 .debug_str     0x000fd82a       0xf9 ./Drivers/STM32F7xx_HAL_Driver/Src/stm32f7xx_hal_gpio.o
                              0xfa015 (size before relaxing)
 .debug_str     0x000fd923      0xda8 ./Drivers/STM32F7xx_HAL_Driver/Src/stm32f7xx_hal_i2c.o
                              0xfb16d (size before relaxing)
 .debug_str     0x000fe6cb       0x89 ./Drivers/STM32F7xx_HAL_Driver/Src/stm32f7xx_hal_i2c_ex.o
                              0xfa413 (size before relaxing)
 .debug_str     0x000fe754      0x1d1 ./Drivers/STM32F7xx_HAL_Driver/Src/stm32f7xx_hal_pwr_ex.o
                              0xfa1c6 (size before relaxing)
 .debug_str     0x000fe925      0x247 ./Drivers/STM32F7xx_HAL_Driver/Src/stm32f7xx_hal_rcc.o
                              0xfa2d2 (size before relaxing)
 .debug_str     0x000feb6c      0x13f ./Drivers/STM32F7xx_HAL_Driver/Src/stm32f7xx_hal_rcc_ex.o
                              0xfa235 (size before relaxing)
 .debug_str     0x000fecab      0xcec ./Drivers/STM32F7xx_HAL_Driver/Src/stm32f7xx_hal_tim.o
                              0xfb26a (size before relaxing)
 .debug_str     0x000ff997      0x4a0 ./Drivers/STM32F7xx_HAL_Driver/Src/stm32f7xx_hal_tim_ex.o
                              0xfab80 (size before relaxing)

.comment        0x00000000       0x43
 .comment       0x00000000       0x43 ./Core/Src/adc.o
                                 0x44 (size before relaxing)
 .comment       0x00000043       0x44 ./Core/Src/can.o
 .comment       0x00000043       0x44 ./Core/Src/dac.o
 .comment       0x00000043       0x44 ./Core/Src/dma.o
 .comment       0x00000043       0x44 ./Core/Src/gpio.o
 .comment       0x00000043       0x44 ./Core/Src/i2c.o
 .comment       0x00000043       0x44 ./Core/Src/main.o
 .comment       0x00000043       0x44 ./Core/Src/stm32f7xx_hal_msp.o
 .comment       0x00000043       0x44 ./Core/Src/stm32f7xx_it.o
 .comment       0x00000043       0x44 ./Core/Src/system_stm32f7xx.o
 .comment       0x00000043       0x44 ./Core/Src/tim.o
 .comment       0x00000043       0x44 ./Core/Src/usb_otg.o
 .comment       0x00000043       0x44 ./Drivers/STM32F7xx_HAL_Driver/Src/stm32f7xx_hal.o
 .comment       0x00000043       0x44 ./Drivers/STM32F7xx_HAL_Driver/Src/stm32f7xx_hal_adc.o
 .comment       0x00000043       0x44 ./Drivers/STM32F7xx_HAL_Driver/Src/stm32f7xx_hal_adc_ex.o
 .comment       0x00000043       0x44 ./Drivers/STM32F7xx_HAL_Driver/Src/stm32f7xx_hal_can.o
 .comment       0x00000043       0x44 ./Drivers/STM32F7xx_HAL_Driver/Src/stm32f7xx_hal_cortex.o
 .comment       0x00000043       0x44 ./Drivers/STM32F7xx_HAL_Driver/Src/stm32f7xx_hal_dac.o
 .comment       0x00000043       0x44 ./Drivers/STM32F7xx_HAL_Driver/Src/stm32f7xx_hal_dac_ex.o
 .comment       0x00000043       0x44 ./Drivers/STM32F7xx_HAL_Driver/Src/stm32f7xx_hal_dma.o
 .comment       0x00000043       0x44 ./Drivers/STM32F7xx_HAL_Driver/Src/stm32f7xx_hal_gpio.o
 .comment       0x00000043       0x44 ./Drivers/STM32F7xx_HAL_Driver/Src/stm32f7xx_hal_i2c.o
 .comment       0x00000043       0x44 ./Drivers/STM32F7xx_HAL_Driver/Src/stm32f7xx_hal_i2c_ex.o
 .comment       0x00000043       0x44 ./Drivers/STM32F7xx_HAL_Driver/Src/stm32f7xx_hal_pwr_ex.o
 .comment       0x00000043       0x44 ./Drivers/STM32F7xx_HAL_Driver/Src/stm32f7xx_hal_rcc.o
 .comment       0x00000043       0x44 ./Drivers/STM32F7xx_HAL_Driver/Src/stm32f7xx_hal_rcc_ex.o
 .comment       0x00000043       0x44 ./Drivers/STM32F7xx_HAL_Driver/Src/stm32f7xx_hal_tim.o
 .comment       0x00000043       0x44 ./Drivers/STM32F7xx_HAL_Driver/Src/stm32f7xx_hal_tim_ex.o

.debug_frame    0x00000000     0x4f70
 .debug_frame   0x00000000       0xc8 ./Core/Src/adc.o
 .debug_frame   0x000000c8       0x74 ./Core/Src/can.o
 .debug_frame   0x0000013c       0x7c ./Core/Src/dac.o
 .debug_frame   0x000001b8       0x34 ./Core/Src/dma.o
 .debug_frame   0x000001ec       0x34 ./Core/Src/gpio.o
 .debug_frame   0x00000220       0x78 ./Core/Src/i2c.o
 .debug_frame   0x00000298       0x68 ./Core/Src/main.o
 .debug_frame   0x00000300       0x38 ./Core/Src/stm32f7xx_hal_msp.o
 .debug_frame   0x00000338      0x1c8 ./Core/Src/stm32f7xx_it.o
 .debug_frame   0x00000500       0x58 ./Core/Src/system_stm32f7xx.o
 .debug_frame   0x00000558      0x15c ./Core/Src/tim.o
 .debug_frame   0x000006b4       0x30 ./Core/Src/usb_otg.o
 .debug_frame   0x000006e4      0x3f4 ./Drivers/STM32F7xx_HAL_Driver/Src/stm32f7xx_hal.o
 .debug_frame   0x00000ad8      0x3fc ./Drivers/STM32F7xx_HAL_Driver/Src/stm32f7xx_hal_adc.o
 .debug_frame   0x00000ed4      0x250 ./Drivers/STM32F7xx_HAL_Driver/Src/stm32f7xx_hal_adc_ex.o
 .debug_frame   0x00001124      0x5a0 ./Drivers/STM32F7xx_HAL_Driver/Src/stm32f7xx_hal_can.o
 .debug_frame   0x000016c4      0x498 ./Drivers/STM32F7xx_HAL_Driver/Src/stm32f7xx_hal_cortex.o
 .debug_frame   0x00001b5c      0x338 ./Drivers/STM32F7xx_HAL_Driver/Src/stm32f7xx_hal_dac.o
 .debug_frame   0x00001e94      0x20c ./Drivers/STM32F7xx_HAL_Driver/Src/stm32f7xx_hal_dac_ex.o
 .debug_frame   0x000020a0      0x250 ./Drivers/STM32F7xx_HAL_Driver/Src/stm32f7xx_hal_dma.o
 .debug_frame   0x000022f0      0x14c ./Drivers/STM32F7xx_HAL_Driver/Src/stm32f7xx_hal_gpio.o
 .debug_frame   0x0000243c      0xc34 ./Drivers/STM32F7xx_HAL_Driver/Src/stm32f7xx_hal_i2c.o
 .debug_frame   0x00003070       0xb0 ./Drivers/STM32F7xx_HAL_Driver/Src/stm32f7xx_hal_i2c_ex.o
 .debug_frame   0x00003120      0x1c8 ./Drivers/STM32F7xx_HAL_Driver/Src/stm32f7xx_hal_pwr_ex.o
 .debug_frame   0x000032e8      0x1f8 ./Drivers/STM32F7xx_HAL_Driver/Src/stm32f7xx_hal_rcc.o
 .debug_frame   0x000034e0      0x118 ./Drivers/STM32F7xx_HAL_Driver/Src/stm32f7xx_hal_rcc_ex.o
 .debug_frame   0x000035f8     0x121c ./Drivers/STM32F7xx_HAL_Driver/Src/stm32f7xx_hal_tim.o
 .debug_frame   0x00004814      0x6b0 ./Drivers/STM32F7xx_HAL_Driver/Src/stm32f7xx_hal_tim_ex.o
 .debug_frame   0x00004ec4       0x20 C:/ST/STM32CubeIDE_1.15.1/STM32CubeIDE/plugins/com.st.stm32cube.ide.mcu.externaltools.gnu-tools-for-stm32.12.3.rel1.win32_1.0.100.202403111256/tools/bin/../lib/gcc/arm-none-eabi/12.3.1/../../../../arm-none-eabi/lib/thumb/v7e-m+dp/hard\libc_nano.a(libc_a-memset.o)
 .debug_frame   0x00004ee4       0x2c C:/ST/STM32CubeIDE_1.15.1/STM32CubeIDE/plugins/com.st.stm32cube.ide.mcu.externaltools.gnu-tools-for-stm32.12.3.rel1.win32_1.0.100.202403111256/tools/bin/../lib/gcc/arm-none-eabi/12.3.1/../../../../arm-none-eabi/lib/thumb/v7e-m+dp/hard\libc_nano.a(libc_a-init.o)
 .debug_frame   0x00004f10       0x2c C:/ST/STM32CubeIDE_1.15.1/STM32CubeIDE/plugins/com.st.stm32cube.ide.mcu.externaltools.gnu-tools-for-stm32.12.3.rel1.win32_1.0.100.202403111256/tools/bin/../lib/gcc/arm-none-eabi/12.3.1/thumb/v7e-m+dp/hard\libgcc.a(_aeabi_uldivmod.o)
 .debug_frame   0x00004f3c       0x34 C:/ST/STM32CubeIDE_1.15.1/STM32CubeIDE/plugins/com.st.stm32cube.ide.mcu.externaltools.gnu-tools-for-stm32.12.3.rel1.win32_1.0.100.202403111256/tools/bin/../lib/gcc/arm-none-eabi/12.3.1/thumb/v7e-m+dp/hard\libgcc.a(_udivmoddi4.o)

.debug_line_str
                0x00000000       0x5a
 .debug_line_str
                0x00000000       0x5a ./Core/Startup/startup_stm32f777vitx.o
