../Drivers/STM32F7xx_HAL_Driver/Src/stm32f7xx_hal_adc.c:473:13:HAL_ADC_MspInit	0	static
../Drivers/STM32F7xx_HAL_Driver/Src/stm32f7xx_hal_adc.c:322:19:HAL_ADC_Init	16	static
../Drivers/STM32F7xx_HAL_Driver/Src/stm32f7xx_hal_adc.c:488:13:HAL_ADC_MspDeInit	0	static
../Drivers/STM32F7xx_HAL_Driver/Src/stm32f7xx_hal_adc.c:416:19:HAL_ADC_DeInit	16	static
../Drivers/STM32F7xx_HAL_Driver/Src/stm32f7xx_hal_adc.c:730:19:HAL_ADC_Start	16	static
../Drivers/STM32F7xx_HAL_Driver/Src/stm32f7xx_hal_adc.c:851:19:HAL_ADC_Stop	0	static
../Drivers/STM32F7xx_HAL_Driver/Src/stm32f7xx_hal_adc.c:894:19:HAL_ADC_PollForConversion	16	static
../Drivers/STM32F7xx_HAL_Driver/Src/stm32f7xx_hal_adc.c:983:19:HAL_ADC_PollForEvent	24	static
../Drivers/STM32F7xx_HAL_Driver/Src/stm32f7xx_hal_adc.c:1049:19:HAL_ADC_Start_IT	16	static
../Drivers/STM32F7xx_HAL_Driver/Src/stm32f7xx_hal_adc.c:1172:19:HAL_ADC_Stop_IT	4	static
../Drivers/STM32F7xx_HAL_Driver/Src/stm32f7xx_hal_adc.c:1375:19:HAL_ADC_Start_DMA	24	static
../Drivers/STM32F7xx_HAL_Driver/Src/stm32f7xx_hal_adc.c:1513:19:HAL_ADC_Stop_DMA	8	static
../Drivers/STM32F7xx_HAL_Driver/Src/stm32f7xx_hal_adc.c:1569:10:HAL_ADC_GetValue	0	static
../Drivers/STM32F7xx_HAL_Driver/Src/stm32f7xx_hal_adc.c:1581:13:HAL_ADC_ConvCpltCallback	0	static
../Drivers/STM32F7xx_HAL_Driver/Src/stm32f7xx_hal_adc.c:1596:13:HAL_ADC_ConvHalfCpltCallback	0	static
../Drivers/STM32F7xx_HAL_Driver/Src/stm32f7xx_hal_adc.c:2067:13:ADC_DMAHalfConvCplt	8	static
../Drivers/STM32F7xx_HAL_Driver/Src/stm32f7xx_hal_adc.c:1611:13:HAL_ADC_LevelOutOfWindowCallback	0	static
../Drivers/STM32F7xx_HAL_Driver/Src/stm32f7xx_hal_adc.c:1632:13:HAL_ADC_ErrorCallback	0	static
../Drivers/STM32F7xx_HAL_Driver/Src/stm32f7xx_hal_adc.c:1209:6:HAL_ADC_IRQHandler	16	static
../Drivers/STM32F7xx_HAL_Driver/Src/stm32f7xx_hal_adc.c:2084:13:ADC_DMAError	8	static
../Drivers/STM32F7xx_HAL_Driver/Src/stm32f7xx_hal_adc.c:1998:13:ADC_DMAConvCplt	8	static
../Drivers/STM32F7xx_HAL_Driver/Src/stm32f7xx_hal_adc.c:1670:19:HAL_ADC_ConfigChannel	24	static
../Drivers/STM32F7xx_HAL_Driver/Src/stm32f7xx_hal_adc.c:1797:19:HAL_ADC_AnalogWDGConfig	4	static
../Drivers/STM32F7xx_HAL_Driver/Src/stm32f7xx_hal_adc.c:1879:10:HAL_ADC_GetState	0	static
../Drivers/STM32F7xx_HAL_Driver/Src/stm32f7xx_hal_adc.c:1891:10:HAL_ADC_GetError	0	static
