../Drivers/STM32F7xx_HAL_Driver/Src/stm32f7xx_hal_adc_ex.c:1045:13:ADC_MultiModeDMAError	0	static
../Drivers/STM32F7xx_HAL_Driver/Src/stm32f7xx_hal_adc_ex.c:1032:13:ADC_MultiModeDMAHalfConvCplt	0	static
../Drivers/STM32F7xx_HAL_Driver/Src/stm32f7xx_hal_adc_ex.c:979:13:ADC_MultiModeDMAConvCplt	0	static
../Drivers/STM32F7xx_HAL_Driver/Src/stm32f7xx_hal_adc_ex.c:147:19:HAL_ADCEx_InjectedStart	16	static
../Drivers/STM32F7xx_HAL_Driver/Src/stm32f7xx_hal_adc_ex.c:244:19:HAL_ADCEx_InjectedStart_IT	16	static
../Drivers/STM32F7xx_HAL_Driver/Src/stm32f7xx_hal_adc_ex.c:349:19:HAL_ADCEx_InjectedStop	0	static
../Drivers/STM32F7xx_HAL_Driver/Src/stm32f7xx_hal_adc_ex.c:403:19:HAL_ADCEx_InjectedPollForConversion	16	static
../Drivers/STM32F7xx_HAL_Driver/Src/stm32f7xx_hal_adc_ex.c:474:19:HAL_ADCEx_InjectedStop_IT	0	static
../Drivers/STM32F7xx_HAL_Driver/Src/stm32f7xx_hal_adc_ex.c:536:10:HAL_ADCEx_InjectedGetValue	16	static
../Drivers/STM32F7xx_HAL_Driver/Src/stm32f7xx_hal_adc_ex.c:587:19:HAL_ADCEx_MultiModeStart_DMA	24	static
../Drivers/STM32F7xx_HAL_Driver/Src/stm32f7xx_hal_adc_ex.c:708:19:HAL_ADCEx_MultiModeStop_DMA	8	static
../Drivers/STM32F7xx_HAL_Driver/Src/stm32f7xx_hal_adc_ex.c:755:10:HAL_ADCEx_MultiModeGetValue	0	static
../Drivers/STM32F7xx_HAL_Driver/Src/stm32f7xx_hal_adc_ex.c:767:13:HAL_ADCEx_InjectedConvCpltCallback	0	static
../Drivers/STM32F7xx_HAL_Driver/Src/stm32f7xx_hal_adc_ex.c:784:19:HAL_ADCEx_InjectedConfigChannel	20	static
../Drivers/STM32F7xx_HAL_Driver/Src/stm32f7xx_hal_adc_ex.c:940:19:HAL_ADCEx_MultiModeConfigChannel	4	static
