../Drivers/STM32F7xx_HAL_Driver/Src/stm32f7xx_hal_dac.c:375:13:HAL_DAC_MspInit	0	static
../Drivers/STM32F7xx_HAL_Driver/Src/stm32f7xx_hal_dac.c:269:19:HAL_DAC_Init	8	static
../Drivers/STM32F7xx_HAL_Driver/Src/stm32f7xx_hal_dac.c:391:13:HAL_DAC_MspDeInit	0	static
../Drivers/STM32F7xx_HAL_Driver/Src/stm32f7xx_hal_dac.c:330:19:HAL_DAC_DeInit	8	static
../Drivers/STM32F7xx_HAL_Driver/Src/stm32f7xx_hal_dac.c:433:19:HAL_DAC_Start	4	static
../Drivers/STM32F7xx_HAL_Driver/Src/stm32f7xx_hal_dac.c:488:19:HAL_DAC_Stop	4	static
../Drivers/STM32F7xx_HAL_Driver/Src/stm32f7xx_hal_dac.c:520:19:HAL_DAC_Start_DMA	24	static
../Drivers/STM32F7xx_HAL_Driver/Src/stm32f7xx_hal_dac.c:652:19:HAL_DAC_Stop_DMA	8	static
../Drivers/STM32F7xx_HAL_Driver/Src/stm32f7xx_hal_dac.c:773:19:HAL_DAC_SetValue	16	static
../Drivers/STM32F7xx_HAL_Driver/Src/stm32f7xx_hal_dac.c:807:13:HAL_DAC_ConvCpltCallbackCh1	0	static
../Drivers/STM32F7xx_HAL_Driver/Src/stm32f7xx_hal_dac.c:1272:6:DAC_DMAConvCpltCh1	8	static
../Drivers/STM32F7xx_HAL_Driver/Src/stm32f7xx_hal_dac.c:823:13:HAL_DAC_ConvHalfCpltCallbackCh1	0	static
../Drivers/STM32F7xx_HAL_Driver/Src/stm32f7xx_hal_dac.c:1291:6:DAC_DMAHalfConvCpltCh1	8	static
../Drivers/STM32F7xx_HAL_Driver/Src/stm32f7xx_hal_dac.c:839:13:HAL_DAC_ErrorCallbackCh1	0	static
../Drivers/STM32F7xx_HAL_Driver/Src/stm32f7xx_hal_dac.c:1308:6:DAC_DMAErrorCh1	8	static
../Drivers/STM32F7xx_HAL_Driver/Src/stm32f7xx_hal_dac.c:855:13:HAL_DAC_DMAUnderrunCallbackCh1	0	static
../Drivers/STM32F7xx_HAL_Driver/Src/stm32f7xx_hal_dac.c:700:6:HAL_DAC_IRQHandler	8	static
../Drivers/STM32F7xx_HAL_Driver/Src/stm32f7xx_hal_dac.c:894:10:HAL_DAC_GetValue	0	static
../Drivers/STM32F7xx_HAL_Driver/Src/stm32f7xx_hal_dac.c:926:19:HAL_DAC_ConfigChannel	8	static
../Drivers/STM32F7xx_HAL_Driver/Src/stm32f7xx_hal_dac.c:993:22:HAL_DAC_GetState	0	static
../Drivers/STM32F7xx_HAL_Driver/Src/stm32f7xx_hal_dac.c:1006:10:HAL_DAC_GetError	0	static
