../Drivers/STM32F7xx_HAL_Driver/Src/stm32f7xx_hal_dac_ex.c:99:19:HAL_DACEx_DualStart	4	static
../Drivers/STM32F7xx_HAL_Driver/Src/stm32f7xx_hal_dac_ex.c:142:19:HAL_DACEx_DualStop	0	static
../Drivers/STM32F7xx_HAL_Driver/Src/stm32f7xx_hal_dac_ex.c:181:19:HAL_DACEx_TriangleWaveGenerate	4	static
../Drivers/STM32F7xx_HAL_Driver/Src/stm32f7xx_hal_dac_ex.c:231:19:HAL_DACEx_NoiseWaveGenerate	4	static
../Drivers/STM32F7xx_HAL_Driver/Src/stm32f7xx_hal_dac_ex.c:273:19:HAL_DACEx_DualSetValue	0	static
../Drivers/STM32F7xx_HAL_Driver/Src/stm32f7xx_hal_dac_ex.c:309:13:HAL_DACEx_ConvCpltCallbackCh2	0	static
../Drivers/STM32F7xx_HAL_Driver/Src/stm32f7xx_hal_dac_ex.c:325:13:HAL_DACEx_ConvHalfCpltCallbackCh2	0	static
../Drivers/STM32F7xx_HAL_Driver/Src/stm32f7xx_hal_dac_ex.c:341:13:HAL_DACEx_ErrorCallbackCh2	0	static
../Drivers/STM32F7xx_HAL_Driver/Src/stm32f7xx_hal_dac_ex.c:357:13:HAL_DACEx_DMAUnderrunCallbackCh2	0	static
../Drivers/STM32F7xx_HAL_Driver/Src/stm32f7xx_hal_dac_ex.c:394:10:HAL_DACEx_DualGetValue	0	static
../Drivers/STM32F7xx_HAL_Driver/Src/stm32f7xx_hal_dac_ex.c:427:6:DAC_DMAConvCpltCh2	8	static
../Drivers/STM32F7xx_HAL_Driver/Src/stm32f7xx_hal_dac_ex.c:446:6:DAC_DMAHalfConvCpltCh2	8	static
../Drivers/STM32F7xx_HAL_Driver/Src/stm32f7xx_hal_dac_ex.c:463:6:DAC_DMAErrorCh2	8	static
