../Drivers/STM32F7xx_HAL_Driver/Src/stm32f7xx_hal_gpio.c:162:6:HAL_GPIO_Init	56	static
../Drivers/STM32F7xx_HAL_Driver/Src/stm32f7xx_hal_gpio.c:291:6:HAL_GPIO_DeInit	48	static
../Drivers/STM32F7xx_HAL_Driver/Src/stm32f7xx_hal_gpio.c:370:15:HAL_GPIO_ReadPin	0	static
../Drivers/STM32F7xx_HAL_Driver/Src/stm32f7xx_hal_gpio.c:404:6:HAL_GPIO_WritePin	0	static
../Drivers/STM32F7xx_HAL_Driver/Src/stm32f7xx_hal_gpio.c:426:6:HAL_GPIO_TogglePin	0	static
../Drivers/STM32F7xx_HAL_Driver/Src/stm32f7xx_hal_gpio.c:451:19:HAL_GPIO_LockPin	8	static
../Drivers/STM32F7xx_HAL_Driver/Src/stm32f7xx_hal_gpio.c:500:13:HAL_GPIO_EXTI_Callback	0	static
../Drivers/STM32F7xx_HAL_Driver/Src/stm32f7xx_hal_gpio.c:485:6:HAL_GPIO_EXTI_IRQHandler	8	static
