../Drivers/STM32F7xx_HAL_Driver/Src/stm32f7xx_hal_pwr.c:99:6:HAL_PWR_DeInit	0	static
../Drivers/STM32F7xx_HAL_Driver/Src/stm32f7xx_hal_pwr.c:112:6:HAL_PWR_EnableBkUpAccess	0	static
../Drivers/STM32F7xx_HAL_Driver/Src/stm32f7xx_hal_pwr.c:125:6:HAL_PWR_DisableBkUpAccess	0	static
../Drivers/STM32F7xx_HAL_Driver/Src/stm32f7xx_hal_pwr.c:259:6:HAL_PWR_ConfigPVD	4	static
../Drivers/STM32F7xx_HAL_Driver/Src/stm32f7xx_hal_pwr.c:302:6:HAL_PWR_EnablePVD	0	static
../Drivers/STM32F7xx_HAL_Driver/Src/stm32f7xx_hal_pwr.c:312:6:HAL_PWR_DisablePVD	0	static
../Drivers/STM32F7xx_HAL_Driver/Src/stm32f7xx_hal_pwr.c:335:6:HAL_PWR_EnableWakeUpPin	0	static
../Drivers/STM32F7xx_HAL_Driver/Src/stm32f7xx_hal_pwr.c:359:6:HAL_PWR_DisableWakeUpPin	0	static
../Drivers/STM32F7xx_HAL_Driver/Src/stm32f7xx_hal_pwr.c:386:6:HAL_PWR_EnterSLEEPMode	0	static,ignoring_inline_asm
../Drivers/STM32F7xx_HAL_Driver/Src/stm32f7xx_hal_pwr.c:433:6:HAL_PWR_EnterSTOPMode	4	static,ignoring_inline_asm
../Drivers/STM32F7xx_HAL_Driver/Src/stm32f7xx_hal_pwr.c:486:6:HAL_PWR_EnterSTANDBYMode	0	static,ignoring_inline_asm
../Drivers/STM32F7xx_HAL_Driver/Src/stm32f7xx_hal_pwr.c:524:13:HAL_PWR_PVDCallback	0	static
../Drivers/STM32F7xx_HAL_Driver/Src/stm32f7xx_hal_pwr.c:507:6:HAL_PWR_PVD_IRQHandler	8	static
../Drivers/STM32F7xx_HAL_Driver/Src/stm32f7xx_hal_pwr.c:539:6:HAL_PWR_EnableSleepOnExit	0	static
../Drivers/STM32F7xx_HAL_Driver/Src/stm32f7xx_hal_pwr.c:551:6:HAL_PWR_DisableSleepOnExit	0	static
../Drivers/STM32F7xx_HAL_Driver/Src/stm32f7xx_hal_pwr.c:563:6:HAL_PWR_EnableSEVOnPend	0	static
../Drivers/STM32F7xx_HAL_Driver/Src/stm32f7xx_hal_pwr.c:575:6:HAL_PWR_DisableSEVOnPend	0	static
