../Drivers/STM32F7xx_HAL_Driver/Src/stm32f7xx_hal_tim.c:372:13:HAL_TIM_Base_MspInit	0	static
../Drivers/STM32F7xx_HAL_Driver/Src/stm32f7xx_hal_tim.c:269:19:HAL_TIM_Base_Init	24	static
../Drivers/STM32F7xx_HAL_Driver/Src/stm32f7xx_hal_tim.c:387:13:HAL_TIM_Base_MspDeInit	0	static
../Drivers/STM32F7xx_HAL_Driver/Src/stm32f7xx_hal_tim.c:329:19:HAL_TIM_Base_DeInit	8	static
../Drivers/STM32F7xx_HAL_Driver/Src/stm32f7xx_hal_tim.c:403:19:HAL_TIM_Base_Start	8	static
../Drivers/STM32F7xx_HAL_Driver/Src/stm32f7xx_hal_tim.c:442:19:HAL_TIM_Base_Stop	0	static
../Drivers/STM32F7xx_HAL_Driver/Src/stm32f7xx_hal_tim.c:462:19:HAL_TIM_Base_Start_IT	8	static
../Drivers/STM32F7xx_HAL_Driver/Src/stm32f7xx_hal_tim.c:504:19:HAL_TIM_Base_Stop_IT	0	static
../Drivers/STM32F7xx_HAL_Driver/Src/stm32f7xx_hal_tim.c:529:19:HAL_TIM_Base_Start_DMA	16	static
../Drivers/STM32F7xx_HAL_Driver/Src/stm32f7xx_hal_tim.c:598:19:HAL_TIM_Base_Stop_DMA	8	static
../Drivers/STM32F7xx_HAL_Driver/Src/stm32f7xx_hal_tim.c:756:13:HAL_TIM_OC_MspInit	0	static
../Drivers/STM32F7xx_HAL_Driver/Src/stm32f7xx_hal_tim.c:653:19:HAL_TIM_OC_Init	24	static
../Drivers/STM32F7xx_HAL_Driver/Src/stm32f7xx_hal_tim.c:771:13:HAL_TIM_OC_MspDeInit	0	static
../Drivers/STM32F7xx_HAL_Driver/Src/stm32f7xx_hal_tim.c:713:19:HAL_TIM_OC_DeInit	8	static
../Drivers/STM32F7xx_HAL_Driver/Src/stm32f7xx_hal_tim.c:794:19:HAL_TIM_OC_Start	4	static
../Drivers/STM32F7xx_HAL_Driver/Src/stm32f7xx_hal_tim.c:850:19:HAL_TIM_OC_Stop	4	static
../Drivers/STM32F7xx_HAL_Driver/Src/stm32f7xx_hal_tim.c:885:19:HAL_TIM_OC_Start_IT	4	static
../Drivers/STM32F7xx_HAL_Driver/Src/stm32f7xx_hal_tim.c:978:19:HAL_TIM_OC_Stop_IT	4	static
../Drivers/STM32F7xx_HAL_Driver/Src/stm32f7xx_hal_tim.c:1055:19:HAL_TIM_OC_Start_DMA	16	static
../Drivers/STM32F7xx_HAL_Driver/Src/stm32f7xx_hal_tim.c:1219:19:HAL_TIM_OC_Stop_DMA	16	static
../Drivers/STM32F7xx_HAL_Driver/Src/stm32f7xx_hal_tim.c:1425:13:HAL_TIM_PWM_MspInit	0	static
../Drivers/STM32F7xx_HAL_Driver/Src/stm32f7xx_hal_tim.c:1322:19:HAL_TIM_PWM_Init	24	static
../Drivers/STM32F7xx_HAL_Driver/Src/stm32f7xx_hal_tim.c:1440:13:HAL_TIM_PWM_MspDeInit	0	static
../Drivers/STM32F7xx_HAL_Driver/Src/stm32f7xx_hal_tim.c:1382:19:HAL_TIM_PWM_DeInit	8	static
../Drivers/STM32F7xx_HAL_Driver/Src/stm32f7xx_hal_tim.c:1463:19:HAL_TIM_PWM_Start	4	static
../Drivers/STM32F7xx_HAL_Driver/Src/stm32f7xx_hal_tim.c:1519:19:HAL_TIM_PWM_Stop	4	static
../Drivers/STM32F7xx_HAL_Driver/Src/stm32f7xx_hal_tim.c:1554:19:HAL_TIM_PWM_Start_IT	4	static
../Drivers/STM32F7xx_HAL_Driver/Src/stm32f7xx_hal_tim.c:1647:19:HAL_TIM_PWM_Stop_IT	4	static
../Drivers/STM32F7xx_HAL_Driver/Src/stm32f7xx_hal_tim.c:1724:19:HAL_TIM_PWM_Start_DMA	16	static
../Drivers/STM32F7xx_HAL_Driver/Src/stm32f7xx_hal_tim.c:1887:19:HAL_TIM_PWM_Stop_DMA	16	static
../Drivers/STM32F7xx_HAL_Driver/Src/stm32f7xx_hal_tim.c:2093:13:HAL_TIM_IC_MspInit	0	static
../Drivers/STM32F7xx_HAL_Driver/Src/stm32f7xx_hal_tim.c:1990:19:HAL_TIM_IC_Init	24	static
../Drivers/STM32F7xx_HAL_Driver/Src/stm32f7xx_hal_tim.c:2108:13:HAL_TIM_IC_MspDeInit	0	static
../Drivers/STM32F7xx_HAL_Driver/Src/stm32f7xx_hal_tim.c:2050:19:HAL_TIM_IC_DeInit	8	static
../Drivers/STM32F7xx_HAL_Driver/Src/stm32f7xx_hal_tim.c:2129:19:HAL_TIM_IC_Start	8	static
../Drivers/STM32F7xx_HAL_Driver/Src/stm32f7xx_hal_tim.c:2181:19:HAL_TIM_IC_Stop	4	static
../Drivers/STM32F7xx_HAL_Driver/Src/stm32f7xx_hal_tim.c:2211:19:HAL_TIM_IC_Start_IT	8	static
../Drivers/STM32F7xx_HAL_Driver/Src/stm32f7xx_hal_tim.c:2303:19:HAL_TIM_IC_Stop_IT	4	static
../Drivers/STM32F7xx_HAL_Driver/Src/stm32f7xx_hal_tim.c:2375:19:HAL_TIM_IC_Start_DMA	16	static
../Drivers/STM32F7xx_HAL_Driver/Src/stm32f7xx_hal_tim.c:2534:19:HAL_TIM_IC_Stop_DMA	16	static
../Drivers/STM32F7xx_HAL_Driver/Src/stm32f7xx_hal_tim.c:2753:13:HAL_TIM_OnePulse_MspInit	0	static
../Drivers/STM32F7xx_HAL_Driver/Src/stm32f7xx_hal_tim.c:2639:19:HAL_TIM_OnePulse_Init	24	static
../Drivers/STM32F7xx_HAL_Driver/Src/stm32f7xx_hal_tim.c:2768:13:HAL_TIM_OnePulse_MspDeInit	0	static
../Drivers/STM32F7xx_HAL_Driver/Src/stm32f7xx_hal_tim.c:2708:19:HAL_TIM_OnePulse_DeInit	8	static
../Drivers/STM32F7xx_HAL_Driver/Src/stm32f7xx_hal_tim.c:2788:19:HAL_TIM_OnePulse_Start	0	static
../Drivers/STM32F7xx_HAL_Driver/Src/stm32f7xx_hal_tim.c:2845:19:HAL_TIM_OnePulse_Stop	4	static
../Drivers/STM32F7xx_HAL_Driver/Src/stm32f7xx_hal_tim.c:2888:19:HAL_TIM_OnePulse_Start_IT	0	static
../Drivers/STM32F7xx_HAL_Driver/Src/stm32f7xx_hal_tim.c:2951:19:HAL_TIM_OnePulse_Stop_IT	4	static
../Drivers/STM32F7xx_HAL_Driver/Src/stm32f7xx_hal_tim.c:3190:13:HAL_TIM_Encoder_MspInit	0	static
../Drivers/STM32F7xx_HAL_Driver/Src/stm32f7xx_hal_tim.c:3030:19:HAL_TIM_Encoder_Init	24	static
../Drivers/STM32F7xx_HAL_Driver/Src/stm32f7xx_hal_tim.c:3205:13:HAL_TIM_Encoder_MspDeInit	0	static
../Drivers/STM32F7xx_HAL_Driver/Src/stm32f7xx_hal_tim.c:3145:19:HAL_TIM_Encoder_DeInit	8	static
../Drivers/STM32F7xx_HAL_Driver/Src/stm32f7xx_hal_tim.c:3225:19:HAL_TIM_Encoder_Start	4	static
../Drivers/STM32F7xx_HAL_Driver/Src/stm32f7xx_hal_tim.c:3319:19:HAL_TIM_Encoder_Stop	4	static
../Drivers/STM32F7xx_HAL_Driver/Src/stm32f7xx_hal_tim.c:3379:19:HAL_TIM_Encoder_Start_IT	4	static
../Drivers/STM32F7xx_HAL_Driver/Src/stm32f7xx_hal_tim.c:3479:19:HAL_TIM_Encoder_Stop_IT	4	static
../Drivers/STM32F7xx_HAL_Driver/Src/stm32f7xx_hal_tim.c:3544:19:HAL_TIM_Encoder_Start_DMA	32	static
../Drivers/STM32F7xx_HAL_Driver/Src/stm32f7xx_hal_tim.c:3757:19:HAL_TIM_Encoder_Stop_DMA	16	static
../Drivers/STM32F7xx_HAL_Driver/Src/stm32f7xx_hal_tim.c:4064:19:HAL_TIM_OC_ConfigChannel	12	static
../Drivers/STM32F7xx_HAL_Driver/Src/stm32f7xx_hal_tim.c:4163:19:HAL_TIM_IC_ConfigChannel	16	static
../Drivers/STM32F7xx_HAL_Driver/Src/stm32f7xx_hal_tim.c:4264:19:HAL_TIM_PWM_ConfigChannel	12	static
../Drivers/STM32F7xx_HAL_Driver/Src/stm32f7xx_hal_tim.c:4412:19:HAL_TIM_OnePulse_ConfigChannel	36	static
../Drivers/STM32F7xx_HAL_Driver/Src/stm32f7xx_hal_tim.c:4567:19:HAL_TIM_DMABurst_WriteStart	24	static
../Drivers/STM32F7xx_HAL_Driver/Src/stm32f7xx_hal_tim.c:4626:19:HAL_TIM_DMABurst_MultiWriteStart	16	static
../Drivers/STM32F7xx_HAL_Driver/Src/stm32f7xx_hal_tim.c:4810:19:HAL_TIM_DMABurst_WriteStop	16	static
../Drivers/STM32F7xx_HAL_Driver/Src/stm32f7xx_hal_tim.c:4918:19:HAL_TIM_DMABurst_ReadStart	24	static
../Drivers/STM32F7xx_HAL_Driver/Src/stm32f7xx_hal_tim.c:4976:19:HAL_TIM_DMABurst_MultiReadStart	16	static
../Drivers/STM32F7xx_HAL_Driver/Src/stm32f7xx_hal_tim.c:5160:19:HAL_TIM_DMABurst_ReadStop	16	static
../Drivers/STM32F7xx_HAL_Driver/Src/stm32f7xx_hal_tim.c:5244:19:HAL_TIM_GenerateEvent	0	static
../Drivers/STM32F7xx_HAL_Driver/Src/stm32f7xx_hal_tim.c:5283:19:HAL_TIM_ConfigOCrefClear	8	static
../Drivers/STM32F7xx_HAL_Driver/Src/stm32f7xx_hal_tim.c:5441:19:HAL_TIM_ConfigClockSource	8	static
../Drivers/STM32F7xx_HAL_Driver/Src/stm32f7xx_hal_tim.c:5595:19:HAL_TIM_ConfigTI1Input	0	static
../Drivers/STM32F7xx_HAL_Driver/Src/stm32f7xx_hal_tim.c:5627:19:HAL_TIM_SlaveConfigSynchro	8	static
../Drivers/STM32F7xx_HAL_Driver/Src/stm32f7xx_hal_tim.c:5667:19:HAL_TIM_SlaveConfigSynchro_IT	8	static
../Drivers/STM32F7xx_HAL_Driver/Src/stm32f7xx_hal_tim.c:5710:10:HAL_TIM_ReadCapturedValue	0	static
../Drivers/STM32F7xx_HAL_Driver/Src/stm32f7xx_hal_tim.c:5794:13:HAL_TIM_PeriodElapsedCallback	0	static
../Drivers/STM32F7xx_HAL_Driver/Src/stm32f7xx_hal_tim.c:6861:13:TIM_DMAPeriodElapsedCplt	8	static
../Drivers/STM32F7xx_HAL_Driver/Src/stm32f7xx_hal_tim.c:5809:13:HAL_TIM_PeriodElapsedHalfCpltCallback	0	static
../Drivers/STM32F7xx_HAL_Driver/Src/stm32f7xx_hal_tim.c:6882:13:TIM_DMAPeriodElapsedHalfCplt	8	static
../Drivers/STM32F7xx_HAL_Driver/Src/stm32f7xx_hal_tim.c:5824:13:HAL_TIM_OC_DelayElapsedCallback	0	static
../Drivers/STM32F7xx_HAL_Driver/Src/stm32f7xx_hal_tim.c:5839:13:HAL_TIM_IC_CaptureCallback	0	static
../Drivers/STM32F7xx_HAL_Driver/Src/stm32f7xx_hal_tim.c:6759:6:TIM_DMACaptureCplt	8	static
../Drivers/STM32F7xx_HAL_Driver/Src/stm32f7xx_hal_tim.c:5854:13:HAL_TIM_IC_CaptureHalfCpltCallback	0	static
../Drivers/STM32F7xx_HAL_Driver/Src/stm32f7xx_hal_tim.c:6822:6:TIM_DMACaptureHalfCplt	8	static
../Drivers/STM32F7xx_HAL_Driver/Src/stm32f7xx_hal_tim.c:5869:13:HAL_TIM_PWM_PulseFinishedCallback	0	static
../Drivers/STM32F7xx_HAL_Driver/Src/stm32f7xx_hal_tim.c:6661:13:TIM_DMADelayPulseCplt	8	static
../Drivers/STM32F7xx_HAL_Driver/Src/stm32f7xx_hal_tim.c:5884:13:HAL_TIM_PWM_PulseFinishedHalfCpltCallback	0	static
../Drivers/STM32F7xx_HAL_Driver/Src/stm32f7xx_hal_tim.c:6720:6:TIM_DMADelayPulseHalfCplt	8	static
../Drivers/STM32F7xx_HAL_Driver/Src/stm32f7xx_hal_tim.c:5899:13:HAL_TIM_TriggerCallback	0	static
../Drivers/STM32F7xx_HAL_Driver/Src/stm32f7xx_hal_tim.c:3834:6:HAL_TIM_IRQHandler	8	static
../Drivers/STM32F7xx_HAL_Driver/Src/stm32f7xx_hal_tim.c:6898:13:TIM_DMATriggerCplt	8	static
../Drivers/STM32F7xx_HAL_Driver/Src/stm32f7xx_hal_tim.c:5914:13:HAL_TIM_TriggerHalfCpltCallback	0	static
../Drivers/STM32F7xx_HAL_Driver/Src/stm32f7xx_hal_tim.c:6919:13:TIM_DMATriggerHalfCplt	8	static
../Drivers/STM32F7xx_HAL_Driver/Src/stm32f7xx_hal_tim.c:5929:13:HAL_TIM_ErrorCallback	0	static
../Drivers/STM32F7xx_HAL_Driver/Src/stm32f7xx_hal_tim.c:6618:6:TIM_DMAError	8	static
../Drivers/STM32F7xx_HAL_Driver/Src/stm32f7xx_hal_tim.c:6498:22:HAL_TIM_Base_GetState	0	static
../Drivers/STM32F7xx_HAL_Driver/Src/stm32f7xx_hal_tim.c:6508:22:HAL_TIM_OC_GetState	0	static
../Drivers/STM32F7xx_HAL_Driver/Src/stm32f7xx_hal_tim.c:6518:22:HAL_TIM_PWM_GetState	0	static
../Drivers/STM32F7xx_HAL_Driver/Src/stm32f7xx_hal_tim.c:6528:22:HAL_TIM_IC_GetState	0	static
../Drivers/STM32F7xx_HAL_Driver/Src/stm32f7xx_hal_tim.c:6538:22:HAL_TIM_OnePulse_GetState	0	static
../Drivers/STM32F7xx_HAL_Driver/Src/stm32f7xx_hal_tim.c:6548:22:HAL_TIM_Encoder_GetState	0	static
../Drivers/STM32F7xx_HAL_Driver/Src/stm32f7xx_hal_tim.c:6558:23:HAL_TIM_GetActiveChannel	0	static
../Drivers/STM32F7xx_HAL_Driver/Src/stm32f7xx_hal_tim.c:6576:29:HAL_TIM_GetChannelState	0	static
../Drivers/STM32F7xx_HAL_Driver/Src/stm32f7xx_hal_tim.c:6593:30:HAL_TIM_DMABurstState	0	static
../Drivers/STM32F7xx_HAL_Driver/Src/stm32f7xx_hal_tim.c:6936:6:TIM_Base_SetConfig	20	static
../Drivers/STM32F7xx_HAL_Driver/Src/stm32f7xx_hal_tim.c:7059:6:TIM_OC2_SetConfig	12	static
../Drivers/STM32F7xx_HAL_Driver/Src/stm32f7xx_hal_tim.c:7510:6:TIM_TI1_SetConfig	12	static
../Drivers/STM32F7xx_HAL_Driver/Src/stm32f7xx_hal_tim.c:7804:6:TIM_ETR_SetConfig	0	static
../Drivers/STM32F7xx_HAL_Driver/Src/stm32f7xx_hal_tim.c:7836:6:TIM_CCxChannelCmd	0	static
