../Drivers/STM32F7xx_HAL_Driver/Src/stm32f7xx_hal_dma.c:171:19:HAL_DMA_Init	16	static
../Drivers/STM32F7xx_HAL_Driver/Src/stm32f7xx_hal_dma.c:311:19:HAL_DMA_DeInit	8	static
../Drivers/STM32F7xx_HAL_Driver/Src/stm32f7xx_hal_dma.c:409:19:HAL_DMA_Start	8	static
../Drivers/STM32F7xx_HAL_Driver/Src/stm32f7xx_hal_dma.c:453:19:HAL_DMA_Start_IT	12	static
../Drivers/STM32F7xx_HAL_Driver/Src/stm32f7xx_hal_dma.c:516:19:HAL_DMA_Abort	16	static
../Drivers/STM32F7xx_HAL_Driver/Src/stm32f7xx_hal_dma.c:584:19:HAL_DMA_Abort_IT	0	static
../Drivers/STM32F7xx_HAL_Driver/Src/stm32f7xx_hal_dma.c:614:19:HAL_DMA_PollForTransfer	48	static
../Drivers/STM32F7xx_HAL_Driver/Src/stm32f7xx_hal_dma.c:751:6:HAL_DMA_IRQHandler	32	static
../Drivers/STM32F7xx_HAL_Driver/Src/stm32f7xx_hal_dma.c:974:19:HAL_DMA_RegisterCallback	0	static
../Drivers/STM32F7xx_HAL_Driver/Src/stm32f7xx_hal_dma.c:1036:19:HAL_DMA_UnRegisterCallback	0	static
../Drivers/STM32F7xx_HAL_Driver/Src/stm32f7xx_hal_dma.c:1121:22:HAL_DMA_GetState	0	static
../Drivers/STM32F7xx_HAL_Driver/Src/stm32f7xx_hal_dma.c:1132:10:HAL_DMA_GetError	0	static
