../Drivers/STM32F7xx_HAL_Driver/Src/stm32f7xx_hal_dac.c:269:19:HAL_DAC_Init	16	static
../Drivers/STM32F7xx_HAL_Driver/Src/stm32f7xx_hal_dac.c:330:19:HAL_DAC_DeInit	16	static
../Drivers/STM32F7xx_HAL_Driver/Src/stm32f7xx_hal_dac.c:375:13:HAL_DAC_MspInit	16	static
../Drivers/STM32F7xx_HAL_Driver/Src/stm32f7xx_hal_dac.c:391:13:HAL_DAC_MspDeInit	16	static
../Drivers/STM32F7xx_HAL_Driver/Src/stm32f7xx_hal_dac.c:433:19:HAL_DAC_Start	16	static
../Drivers/STM32F7xx_HAL_Driver/Src/stm32f7xx_hal_dac.c:488:19:HAL_DAC_Stop	16	static
../Drivers/STM32F7xx_HAL_Driver/Src/stm32f7xx_hal_dac.c:520:19:HAL_DAC_Start_DMA	32	static
../Drivers/STM32F7xx_HAL_Driver/Src/stm32f7xx_hal_dac.c:652:19:HAL_DAC_Stop_DMA	16	static
../Drivers/STM32F7xx_HAL_Driver/Src/stm32f7xx_hal_dac.c:700:6:HAL_DAC_IRQHandler	16	static
../Drivers/STM32F7xx_HAL_Driver/Src/stm32f7xx_hal_dac.c:773:19:HAL_DAC_SetValue	32	static
../Drivers/STM32F7xx_HAL_Driver/Src/stm32f7xx_hal_dac.c:807:13:HAL_DAC_ConvCpltCallbackCh1	16	static
../Drivers/STM32F7xx_HAL_Driver/Src/stm32f7xx_hal_dac.c:823:13:HAL_DAC_ConvHalfCpltCallbackCh1	16	static
../Drivers/STM32F7xx_HAL_Driver/Src/stm32f7xx_hal_dac.c:839:13:HAL_DAC_ErrorCallbackCh1	16	static
../Drivers/STM32F7xx_HAL_Driver/Src/stm32f7xx_hal_dac.c:855:13:HAL_DAC_DMAUnderrunCallbackCh1	16	static
../Drivers/STM32F7xx_HAL_Driver/Src/stm32f7xx_hal_dac.c:894:10:HAL_DAC_GetValue	24	static
../Drivers/STM32F7xx_HAL_Driver/Src/stm32f7xx_hal_dac.c:926:19:HAL_DAC_ConfigChannel	32	static
../Drivers/STM32F7xx_HAL_Driver/Src/stm32f7xx_hal_dac.c:993:22:HAL_DAC_GetState	16	static
../Drivers/STM32F7xx_HAL_Driver/Src/stm32f7xx_hal_dac.c:1006:10:HAL_DAC_GetError	16	static
../Drivers/STM32F7xx_HAL_Driver/Src/stm32f7xx_hal_dac.c:1272:6:DAC_DMAConvCpltCh1	24	static
../Drivers/STM32F7xx_HAL_Driver/Src/stm32f7xx_hal_dac.c:1291:6:DAC_DMAHalfConvCpltCh1	24	static
../Drivers/STM32F7xx_HAL_Driver/Src/stm32f7xx_hal_dac.c:1308:6:DAC_DMAErrorCh1	24	static
