../Drivers/STM32F7xx_HAL_Driver/Src/stm32f7xx_hal_tim_ex.c:139:19:HAL_TIMEx_HallSensor_Init	48	static
../Drivers/STM32F7xx_HAL_Driver/Src/stm32f7xx_hal_tim_ex.c:241:19:HAL_TIMEx_HallSensor_DeInit	16	static
../Drivers/STM32F7xx_HAL_Driver/Src/stm32f7xx_hal_tim_ex.c:286:13:HAL_TIMEx_HallSensor_MspInit	16	static
../Drivers/STM32F7xx_HAL_Driver/Src/stm32f7xx_hal_tim_ex.c:301:13:HAL_TIMEx_HallSensor_MspDeInit	16	static
../Drivers/STM32F7xx_HAL_Driver/Src/stm32f7xx_hal_tim_ex.c:316:19:HAL_TIMEx_HallSensor_Start	24	static
../Drivers/STM32F7xx_HAL_Driver/Src/stm32f7xx_hal_tim_ex.c:370:19:HAL_TIMEx_HallSensor_Stop	16	static
../Drivers/STM32F7xx_HAL_Driver/Src/stm32f7xx_hal_tim_ex.c:398:19:HAL_TIMEx_HallSensor_Start_IT	24	static
../Drivers/STM32F7xx_HAL_Driver/Src/stm32f7xx_hal_tim_ex.c:455:19:HAL_TIMEx_HallSensor_Stop_IT	16	static
../Drivers/STM32F7xx_HAL_Driver/Src/stm32f7xx_hal_tim_ex.c:488:19:HAL_TIMEx_HallSensor_Start_DMA	32	static
../Drivers/STM32F7xx_HAL_Driver/Src/stm32f7xx_hal_tim_ex.c:564:19:HAL_TIMEx_HallSensor_Stop_DMA	16	static
../Drivers/STM32F7xx_HAL_Driver/Src/stm32f7xx_hal_tim_ex.c:626:19:HAL_TIMEx_OCN_Start	24	static
../Drivers/STM32F7xx_HAL_Driver/Src/stm32f7xx_hal_tim_ex.c:677:19:HAL_TIMEx_OCN_Stop	16	static
../Drivers/STM32F7xx_HAL_Driver/Src/stm32f7xx_hal_tim_ex.c:709:19:HAL_TIMEx_OCN_Start_IT	24	static
../Drivers/STM32F7xx_HAL_Driver/Src/stm32f7xx_hal_tim_ex.c:796:19:HAL_TIMEx_OCN_Stop_IT	24	static
../Drivers/STM32F7xx_HAL_Driver/Src/stm32f7xx_hal_tim_ex.c:871:19:HAL_TIMEx_OCN_Start_DMA	32	static
../Drivers/STM32F7xx_HAL_Driver/Src/stm32f7xx_hal_tim_ex.c:1009:19:HAL_TIMEx_OCN_Stop_DMA	24	static
../Drivers/STM32F7xx_HAL_Driver/Src/stm32f7xx_hal_tim_ex.c:1110:19:HAL_TIMEx_PWMN_Start	24	static
../Drivers/STM32F7xx_HAL_Driver/Src/stm32f7xx_hal_tim_ex.c:1160:19:HAL_TIMEx_PWMN_Stop	16	static
../Drivers/STM32F7xx_HAL_Driver/Src/stm32f7xx_hal_tim_ex.c:1192:19:HAL_TIMEx_PWMN_Start_IT	24	static
../Drivers/STM32F7xx_HAL_Driver/Src/stm32f7xx_hal_tim_ex.c:1278:19:HAL_TIMEx_PWMN_Stop_IT	24	static
../Drivers/STM32F7xx_HAL_Driver/Src/stm32f7xx_hal_tim_ex.c:1353:19:HAL_TIMEx_PWMN_Start_DMA	32	static
../Drivers/STM32F7xx_HAL_Driver/Src/stm32f7xx_hal_tim_ex.c:1491:19:HAL_TIMEx_PWMN_Stop_DMA	24	static
../Drivers/STM32F7xx_HAL_Driver/Src/stm32f7xx_hal_tim_ex.c:1582:19:HAL_TIMEx_OnePulseN_Start	24	static
../Drivers/STM32F7xx_HAL_Driver/Src/stm32f7xx_hal_tim_ex.c:1631:19:HAL_TIMEx_OnePulseN_Stop	24	static
../Drivers/STM32F7xx_HAL_Driver/Src/stm32f7xx_hal_tim_ex.c:1670:19:HAL_TIMEx_OnePulseN_Start_IT	24	static
../Drivers/STM32F7xx_HAL_Driver/Src/stm32f7xx_hal_tim_ex.c:1725:19:HAL_TIMEx_OnePulseN_Stop_IT	24	static
../Drivers/STM32F7xx_HAL_Driver/Src/stm32f7xx_hal_tim_ex.c:1805:19:HAL_TIMEx_ConfigCommutEvent	24	static
../Drivers/STM32F7xx_HAL_Driver/Src/stm32f7xx_hal_tim_ex.c:1861:19:HAL_TIMEx_ConfigCommutEvent_IT	24	static
../Drivers/STM32F7xx_HAL_Driver/Src/stm32f7xx_hal_tim_ex.c:1918:19:HAL_TIMEx_ConfigCommutEvent_DMA	24	static
../Drivers/STM32F7xx_HAL_Driver/Src/stm32f7xx_hal_tim_ex.c:1967:19:HAL_TIMEx_MasterConfigSynchronization	24	static
../Drivers/STM32F7xx_HAL_Driver/Src/stm32f7xx_hal_tim_ex.c:2040:19:HAL_TIMEx_ConfigBreakDeadTime	24	static
../Drivers/STM32F7xx_HAL_Driver/Src/stm32f7xx_hal_tim_ex.c:2105:19:HAL_TIMEx_ConfigBreakInput	48	static
../Drivers/STM32F7xx_HAL_Driver/Src/stm32f7xx_hal_tim_ex.c:2243:19:HAL_TIMEx_RemapConfig	16	static
../Drivers/STM32F7xx_HAL_Driver/Src/stm32f7xx_hal_tim_ex.c:2272:19:HAL_TIMEx_GroupChannel5	16	static
../Drivers/STM32F7xx_HAL_Driver/Src/stm32f7xx_hal_tim_ex.c:2322:13:HAL_TIMEx_CommutCallback	16	static
../Drivers/STM32F7xx_HAL_Driver/Src/stm32f7xx_hal_tim_ex.c:2336:13:HAL_TIMEx_CommutHalfCpltCallback	16	static
../Drivers/STM32F7xx_HAL_Driver/Src/stm32f7xx_hal_tim_ex.c:2351:13:HAL_TIMEx_BreakCallback	16	static
../Drivers/STM32F7xx_HAL_Driver/Src/stm32f7xx_hal_tim_ex.c:2366:13:HAL_TIMEx_Break2Callback	16	static
../Drivers/STM32F7xx_HAL_Driver/Src/stm32f7xx_hal_tim_ex.c:2399:22:HAL_TIMEx_HallSensor_GetState	16	static
../Drivers/STM32F7xx_HAL_Driver/Src/stm32f7xx_hal_tim_ex.c:2414:29:HAL_TIMEx_GetChannelNState	24	static
../Drivers/STM32F7xx_HAL_Driver/Src/stm32f7xx_hal_tim_ex.c:2443:6:TIMEx_DMACommutationCplt	24	static
../Drivers/STM32F7xx_HAL_Driver/Src/stm32f7xx_hal_tim_ex.c:2462:6:TIMEx_DMACommutationHalfCplt	24	static
../Drivers/STM32F7xx_HAL_Driver/Src/stm32f7xx_hal_tim_ex.c:2482:13:TIM_DMADelayPulseNCplt	24	static
../Drivers/STM32F7xx_HAL_Driver/Src/stm32f7xx_hal_tim_ex.c:2541:13:TIM_DMAErrorCCxN	24	static
../Drivers/STM32F7xx_HAL_Driver/Src/stm32f7xx_hal_tim_ex.c:2586:13:TIM_CCxNChannelCmd	32	static
